03-17 16:15:37.138  1702 10454 D ActivityManager: Skipping, withExcluded: false, tr.intent:Intent { act=android.intent.action.MAIN flg=0x10840000 cmp=com.android.incallui/.InCallActivity (has extras) }
03-17 16:15:37.153  1702  2639 D ActivityManager: Skipping, withExcluded: false, tr.intent:Intent { act=android.intent.action.MAIN flg=0x10840000 cmp=com.android.incallui/.InCallActivity (has extras) }
03-17 16:15:47.973  1702 17630 D ActivityManager: Skipping, withExcluded: false, tr.intent:Intent { act=android.intent.action.MAIN flg=0x10840000 cmp=com.android.incallui/.InCallActivity (has extras) }
03-17 16:15:47.988  1702  2558 D ActivityManager: Skipping, withExcluded: false, tr.intent:Intent { act=android.intent.action.MAIN flg=0x10840000 cmp=com.android.incallui/.InCallActivity (has extras) }
03-17 16:15:49.497  1702  2633 D ActivityManager: Skipping, withExcluded: false, tr.intent:Intent { act=android.intent.action.MAIN flg=0x10840000 cmp=com.android.incallui/.InCallActivity (has extras) }
03-17 16:15:49.507  1702 17621 D ActivityManager: Skipping, withExcluded: false, tr.intent:Intent { act=android.intent.action.MAIN flg=0x10840000 cmp=com.android.incallui/.InCallActivity (has extras) }
03-17 16:16:04.459  1702  2633 D ActivityManager: Skipping, withExcluded: false, tr.intent:Intent { act=android.intent.action.MAIN flg=0x10840000 cmp=com.android.incallui/.InCallActivity (has extras) }
03-17 16:16:04.476  1702  3694 D ActivityManager: Skipping, withExcluded: false, tr.intent:Intent { act=android.intent.action.MAIN flg=0x10840000 cmp=com.android.incallui/.InCallActivity (has extras) }
03-17 16:16:07.070  1702  8671 D ActivityManager: Skipping, withExcluded: false, tr.intent:Intent { act=android.intent.action.MAIN flg=0x10840000 cmp=com.android.incallui/.InCallActivity (has extras) }
03-17 16:16:07.084  1702  3694 D ActivityManager: Skipping, withExcluded: false, tr.intent:Intent { act=android.intent.action.MAIN flg=0x10840000 cmp=com.android.incallui/.InCallActivity (has extras) }
---
len=104
03-17 16:13:46.778  2626  2839 D PhoneInterfaceManager: [PhoneIntfMgr] getDataEnabled: subId=1 phoneId=1
03-17 16:13:47.410  1702 27357 I WindowManager: The change in focus caused us to need to do a layout end
03-17 16:15:26.462  1702  8303 I WindowManager: The change in focus caused us to need to do a layout end
03-17 16:15:37.077  1702 14638 I WindowManager: The change in focus caused us to need to do a layout end
03-17 16:15:47.927  1702  8290 I WindowManager: The change in focus caused us to need to do a layout end
03-17 16:15:49.436  1702  3694 I WindowManager: The change in focus caused us to need to do a layout end
03-17 16:16:04.399  1702  1736 I WindowManager: The change in focus caused us to need to do a layout end
---
len=88
03-17 16:13:46.765  2227  2794 V KeyguardUpdateMonitor: *** unregister callback for null
---
len=143
03-17 16:13:46.765  2227  2794 V KeyguardUpdateMonitor: *** register callback for com.android.systemui.statusbar.policy.KeyguardMonitor@712d093
03-17 16:15:49.595  2626  2808 D PhoneInterfaceManager: getAllCellInfo is blocked by permission manager . callingPackage = com.tencent.mobileqq
03-17 16:15:51.189  2626  3066 D PhoneInterfaceManager: getAllCellInfo is blocked by permission manager . callingPackage = com.tencent.mobileqq
03-17 16:15:52.569  2626  2838 D PhoneInterfaceManager: getAllCellInfo is blocked by permission manager . callingPackage = com.tencent.mobileqq
---
len=320
03-17 16:13:47.518  1702  8671 D ActivityManager: Skipping, withExcluded: false, tr.intent:Intent { act=android.intent.action.VIEW dat=file:///storage/emulated/0/Tencent/QQfile_recv/b.apk typ=application/vnd.android.package-archive flg=0x10800000 cmp=com.android.packageinstaller/.PackageInstallerActivity (has extras) }
03-17 16:15:26.530  1702  2639 D ActivityManager: Skipping, withExcluded: false, tr.intent:Intent { act=android.intent.action.VIEW dat=file:///storage/emulated/0/Tencent/QQfile_recv/b.apk typ=application/vnd.android.package-archive flg=0x10800000 cmp=com.android.packageinstaller/.PackageInstallerActivity (has extras) }
03-17 16:15:37.138  1702 10454 D ActivityManager: Skipping, withExcluded: false, tr.intent:Intent { act=android.intent.action.VIEW dat=file:///storage/emulated/0/Tencent/QQfile_recv/b.apk typ=application/vnd.android.package-archive flg=0x10800000 cmp=com.android.packageinstaller/.PackageInstallerActivity (has extras) }
03-17 16:15:47.974  1702 17630 D ActivityManager: Skipping, withExcluded: false, tr.intent:Intent { act=android.intent.action.VIEW dat=file:///storage/emulated/0/Tencent/QQfile_recv/b.apk typ=application/vnd.android.package-archive flg=0x10800000 cmp=com.android.packageinstaller/.PackageInstallerActivity (has extras) }
03-17 16:15:49.498  1702  2633 D ActivityManager: Skipping, withExcluded: false, tr.intent:Intent { act=android.intent.action.VIEW dat=file:///storage/emulated/0/Tencent/QQfile_recv/b.apk typ=application/vnd.android.package-archive flg=0x10800000 cmp=com.android.packageinstaller/.PackageInstallerActivity (has extras) }
03-17 16:16:04.459  1702  2633 D ActivityManager: Skipping, withExcluded: false, tr.intent:Intent { act=android.intent.action.VIEW dat=file:///storage/emulated/0/Tencent/QQfile_recv/b.apk typ=application/vnd.android.package-archive flg=0x10800000 cmp=com.android.packageinstaller/.PackageInstallerActivity (has extras) }
03-17 16:16:07.071  1702  8671 D ActivityManager: Skipping, withExcluded: false, tr.intent:Intent { act=android.intent.action.VIEW dat=file:///storage/emulated/0/Tencent/QQfile_recv/b.apk typ=application/vnd.android.package-archive flg=0x10800000 cmp=com.android.packageinstaller/.PackageInstallerActivity (has extras) }
---
len=123
03-17 16:13:46.653  2227  2227 I StackScrollAlgorithm: updateClipping isOverlap:false, getTopPadding=333.0, Translation=0.0
03-17 16:13:47.038  2227  2227 I StackScrollAlgorithm: updateClipping isOverlap:false, getTopPadding=333.0, Translation=0.0
03-17 16:13:47.499  2227  2227 I StackScrollAlgorithm: updateClipping isOverlap:false, getTopPadding=333.0, Translation=0.0
03-17 16:13:47.713  2227  2227 I StackScrollAlgorithm: updateClipping isOverlap:false, getTopPadding=333.0, Translation=0.0
03-17 16:14:00.022  2227  2227 I StackScrollAlgorithm: updateClipping isOverlap:false, getTopPadding=333.0, Translation=0.0
03-17 16:14:00.039  2227  2227 I StackScrollAlgorithm: updateClipping isOverlap:false, getTopPadding=333.0, Translation=0.0
03-17 16:15:00.026  2227  2227 I StackScrollAlgorithm: updateClipping isOverlap:false, getTopPadding=333.0, Translation=0.0
03-17 16:15:00.050  2227  2227 I StackScrollAlgorithm: updateClipping isOverlap:false, getTopPadding=333.0, Translation=0.0
03-17 16:15:26.475  2227  2227 I StackScrollAlgorithm: updateClipping isOverlap:false, getTopPadding=333.0, Translation=0.0
03-17 16:15:49.585  2227  2227 I StackScrollAlgorithm: updateClipping isOverlap:false, getTopPadding=333.0, Translation=0.0
03-17 16:16:00.031  2227  2227 I StackScrollAlgorithm: updateClipping isOverlap:false, getTopPadding=333.0, Translation=0.0
03-17 16:16:00.049  2227  2227 I StackScrollAlgorithm: updateClipping isOverlap:false, getTopPadding=333.0, Translation=0.0
03-17 16:16:04.419  2227  2227 I StackScrollAlgorithm: updateClipping isOverlap:false, getTopPadding=333.0, Translation=0.0
---
len=352
03-17 16:16:06.676  2227  2227 I PanelView: onInterceptTouchEvent MotionEvent { action=ACTION_DOWN, actionButton=0, id[0]=0, x[0]=622.0, y[0]=86.0, toolType[0]=TOOL_TYPE_FINGER, buttonState=0, metaState=0, flags=0x0, edgeFlags=0x0, pointerCount=1, historySize=0, eventTime=261991304, downTime=261991304, deviceId=3, source=0x1002 }, mBlockTouches=false
---
len=155
03-17 16:13:46.398  2227  2227 I PanelView: flingToHeight: vel=2849.079, expand=true, target=553.0, collapseSpeedUpFactor=1.0, expandBecauseOfFalsing=false
---
len=92
03-17 16:13:46.671  1702 17633 I NotificationManager: onNotificationVisibilityChanged called
03-17 16:13:47.103  1702  3137 I NotificationManager: onNotificationVisibilityChanged called
03-17 16:15:34.298  1702 14640 I NotificationManager: onNotificationVisibilityChanged called
03-17 16:15:39.599  1702  2113 I NotificationManager: onNotificationVisibilityChanged called
03-17 16:16:05.595  1702  2618 I NotificationManager: onNotificationVisibilityChanged called
03-17 16:16:06.763  1702  8303 I NotificationManager: onNotificationVisibilityChanged called
---
len=189
03-17 16:13:46.352  2227  2227 I StackScrollAlgorithm: overlapAmount:5.0, previousNotificationEnd:0.0, newYTranslation:-5.0, location:4, i:0, getTopPadding:333.0, getLocationOnScreen():-338
---
len=82
03-17 16:13:46.318  2227  2227 I StackScrollAlgorithm: state.clipTopAmount:69, i:0
03-17 16:13:46.339  2227  2227 I StackScrollAlgorithm: state.clipTopAmount:30, i:0
03-17 16:13:46.352  2227  2227 I StackScrollAlgorithm: state.clipTopAmount:-1, i:0
03-17 16:13:47.441  2227  2227 I StackScrollAlgorithm: state.clipTopAmount:79, i:0
03-17 16:14:27.162  1702  3693 D ActivityManager: cleanUpApplicationRecord -- 5784
03-17 16:14:27.182  1702  1737 D ActivityManager: cleanUpApplicationRecord -- 5769
---
len=102
03-17 16:13:46.187  2227  2227 I StackScrollAlgorithm: updateDimmedActivatedHideSensitive overlap:true
03-17 16:13:46.291  2227  2227 I StackScrollAlgorithm: updateDimmedActivatedHideSensitive overlap:true
03-17 16:13:46.306  2227  2227 I StackScrollAlgorithm: updateDimmedActivatedHideSensitive overlap:true
03-17 16:13:46.318  2227  2227 I StackScrollAlgorithm: updateDimmedActivatedHideSensitive overlap:true
03-17 16:13:46.339  2227  2227 I StackScrollAlgorithm: updateDimmedActivatedHideSensitive overlap:true
03-17 16:13:46.352  2227  2227 I StackScrollAlgorithm: updateDimmedActivatedHideSensitive overlap:true
03-17 16:13:47.441  2227  2227 I StackScrollAlgorithm: updateDimmedActivatedHideSensitive overlap:true
03-17 16:13:47.460  2227  2227 I StackScrollAlgorithm: updateDimmedActivatedHideSensitive overlap:true
03-17 16:13:47.471  2227  2227 I StackScrollAlgorithm: updateDimmedActivatedHideSensitive overlap:true
03-17 16:15:39.249  2227  2227 I StackScrollAlgorithm: updateDimmedActivatedHideSensitive overlap:true
03-17 16:15:39.589  2227  2227 I StackScrollAlgorithm: updateDimmedActivatedHideSensitive overlap:true
03-17 16:16:06.774  2227  2227 I StackScrollAlgorithm: updateDimmedActivatedHideSensitive overlap:true
03-17 16:16:06.794  2227  2227 I StackScrollAlgorithm: updateDimmedActivatedHideSensitive overlap:true
---
len=83
03-17 16:13:46.187  2227  2227 I StackScrollAlgorithm: state.clipTopAmount:180, i:0
03-17 16:13:46.290  2227  2227 I StackScrollAlgorithm: state.clipTopAmount:130, i:0
03-17 16:13:46.306  2227  2227 I StackScrollAlgorithm: state.clipTopAmount:103, i:0
03-17 16:13:46.765  2227  2794 W KeyguardUpdateMonitor: registerCallback not in UI.
03-17 16:13:46.765  2227  2794 W KeyguardUpdateMonitor: registerCallback not in UI.
03-17 16:13:47.460  2227  2227 I StackScrollAlgorithm: state.clipTopAmount:138, i:0
03-17 16:13:47.471  2227  2227 I StackScrollAlgorithm: state.clipTopAmount:197, i:0
03-17 16:13:47.743  2227  2794 W KeyguardUpdateMonitor: registerCallback not in UI.
03-17 16:13:55.937  1702  1737 D ActivityManager: cleanUpApplicationRecord -- 12025
03-17 16:14:27.170  1702  1736 D ActivityManager: cleanUpApplicationRecord -- 23484
03-17 16:15:19.992  1702  2644 D ActivityManager: cleanUpApplicationRecord -- 12236
03-17 16:15:27.829  1702 27365 D ActivityManager: cleanUpApplicationRecord -- 13094
03-17 16:15:39.249  2227  2227 I StackScrollAlgorithm: state.clipTopAmount:148, i:0
03-17 16:15:39.589  2227  2227 I StackScrollAlgorithm: state.clipTopAmount:204, i:0
03-17 16:16:02.899  1702  1702 D WifiService: ACTION_BATTERY_CHANGED pluggedType: 0
03-17 16:16:06.774  2227  2227 I StackScrollAlgorithm: state.clipTopAmount:204, i:0
03-17 16:16:06.794  2227  2227 I StackScrollAlgorithm: state.clipTopAmount:204, i:0
---
len=193
03-17 16:13:46.187  2227  2227 I StackScrollAlgorithm: overlapAmount:196.0, previousNotificationEnd:0.0, newYTranslation:-196.0, location:4, i:0, getTopPadding:333.0, getLocationOnScreen():-529
03-17 16:13:46.290  2227  2227 I StackScrollAlgorithm: overlapAmount:146.0, previousNotificationEnd:0.0, newYTranslation:-146.0, location:4, i:0, getTopPadding:333.0, getLocationOnScreen():-479
03-17 16:13:46.306  2227  2227 I StackScrollAlgorithm: overlapAmount:119.0, previousNotificationEnd:0.0, newYTranslation:-119.0, location:4, i:0, getTopPadding:333.0, getLocationOnScreen():-452
03-17 16:13:47.460  2227  2227 I StackScrollAlgorithm: overlapAmount:154.0, previousNotificationEnd:0.0, newYTranslation:-154.0, location:4, i:0, getTopPadding:333.0, getLocationOnScreen():-487
03-17 16:13:47.471  2227  2227 I StackScrollAlgorithm: overlapAmount:213.0, previousNotificationEnd:0.0, newYTranslation:-213.0, location:4, i:0, getTopPadding:333.0, getLocationOnScreen():-546
03-17 16:15:39.249  2227  2227 I StackScrollAlgorithm: overlapAmount:164.0, previousNotificationEnd:0.0, newYTranslation:-164.0, location:4, i:0, getTopPadding:333.0, getLocationOnScreen():-497
03-17 16:15:39.587  2227  2227 I StackScrollAlgorithm: overlapAmount:220.0, previousNotificationEnd:0.0, newYTranslation:-220.0, location:4, i:0, getTopPadding:333.0, getLocationOnScreen():-553
03-17 16:16:06.774  2227  2227 I StackScrollAlgorithm: overlapAmount:220.0, previousNotificationEnd:0.0, newYTranslation:-220.0, location:4, i:0, getTopPadding:333.0, getLocationOnScreen():-553
03-17 16:16:06.793  2227  2227 I StackScrollAlgorithm: overlapAmount:220.0, previousNotificationEnd:0.0, newYTranslation:-220.0, location:4, i:0, getTopPadding:333.0, getLocationOnScreen():-553
---
len=196
03-17 16:13:46.654  1702 10454 W ActivityManager: Sending non-protected broadcast com.android.systemui.statusbar.visible.change from system 2227:com.android.systemui/u0a37 pkg com.android.systemui
03-17 16:13:47.499  1702  2555 W ActivityManager: Sending non-protected broadcast com.android.systemui.statusbar.visible.change from system 2227:com.android.systemui/u0a37 pkg com.android.systemui
---
len=99
03-17 16:13:46.158  1702  2113 I NotificationManager: updateLightsLocked,turn off notificationLight
03-17 16:13:46.161  1702  3137 I NotificationManager: updateLightsLocked,turn off notificationLight
03-17 16:13:46.671  2227  2318 I PhoneStatusBar: logNotificationVisibilityChanges runInThread start
03-17 16:13:47.102  2227  2318 I PhoneStatusBar: logNotificationVisibilityChanges runInThread start
03-17 16:13:47.341  1702  1702 I NotificationManager: updateLightsLocked,turn off notificationLight
03-17 16:15:33.427  1702  1702 I NotificationManager: updateLightsLocked,turn off notificationLight
03-17 16:15:34.297  2227  2318 I PhoneStatusBar: logNotificationVisibilityChanges runInThread start
03-17 16:15:39.599  2227  2318 I PhoneStatusBar: logNotificationVisibilityChanges runInThread start
03-17 16:15:49.529  1702  1702 I NotificationManager: updateLightsLocked,turn off notificationLight
03-17 16:16:04.609  1702  1702 I NotificationManager: updateLightsLocked,turn off notificationLight
03-17 16:16:05.594  2227  2318 I PhoneStatusBar: logNotificationVisibilityChanges runInThread start
03-17 16:16:06.762  2227  2318 I PhoneStatusBar: logNotificationVisibilityChanges runInThread start
---
len=133
03-17 16:13:46.158  1702  2113 I NotificationManager: updateLightsLocked,mInCall =false,mScreenOn = true,ledNotification == null?true
03-17 16:13:46.161  1702  3137 I NotificationManager: updateLightsLocked,mInCall =false,mScreenOn = true,ledNotification == null?true
03-17 16:13:47.341  1702  1702 I NotificationManager: updateLightsLocked,mInCall =false,mScreenOn = true,ledNotification == null?true
03-17 16:15:49.529  1702  1702 I NotificationManager: updateLightsLocked,mInCall =false,mScreenOn = true,ledNotification == null?true
---
len=351
03-17 16:13:47.078  2227  2227 I PanelView: onInterceptTouchEvent MotionEvent { action=ACTION_UP, actionButton=0, id[0]=0, x[0]=317.0, y[0]=419.0, toolType[0]=TOOL_TYPE_FINGER, buttonState=0, metaState=0, flags=0x0, edgeFlags=0x0, pointerCount=1, historySize=0, eventTime=261851713, downTime=261851646, deviceId=3, source=0x1002 }, mBlockTouches=false
---
len=154
03-17 16:13:46.155  2227  2227 D PhoneStatusBar: disable: < expand ICONS* alerts SYSTEM_INFO* back home recent clock navigationbar search quick_settings >
03-17 16:13:47.603  2227  2227 D PhoneStatusBar: disable: < expand icons* alerts system_info* back home recent clock navigationbar search quick_settings >
03-17 16:15:33.527  2227  2227 D PhoneStatusBar: disable: < expand ICONS* alerts SYSTEM_INFO* back home recent clock navigationbar search quick_settings >
03-17 16:15:39.601  2227  2227 D PhoneStatusBar: disable: < expand icons* alerts system_info* back home recent clock navigationbar search quick_settings >
03-17 16:16:04.769  2227  2227 D PhoneStatusBar: disable: < expand ICONS* alerts SYSTEM_INFO* back home recent clock navigationbar search quick_settings >
03-17 16:16:06.786  2227  2227 D PhoneStatusBar: disable: < expand icons* alerts system_info* back home recent clock navigationbar search quick_settings >
---
len=264
03-17 16:15:37.078  2227  2227 I PhoneStatusBar: setSystemUiVisibility vis=80000608 mask=ffffffff oldVal=c0000700 newVal=80000608 diff=40000108 fullscreenStackVis=0 dockedStackVis=0, fullscreenStackBounds=Rect(0, 0 - 720, 1280), dockedStackBounds=Rect(0, 0 - 0, 0)
03-17 16:15:37.178  2227  2227 I PhoneStatusBar: setSystemUiVisibility vis=40000600 mask=ffffffff oldVal=80000608 newVal=40000600 diff=c0000008 fullscreenStackVis=0 dockedStackVis=0, fullscreenStackBounds=Rect(0, 0 - 720, 1280), dockedStackBounds=Rect(0, 0 - 0, 0)
03-17 16:15:49.462  2227  2227 I PhoneStatusBar: setSystemUiVisibility vis=80000508 mask=ffffffff oldVal=c0000700 newVal=80000508 diff=40000208 fullscreenStackVis=0 dockedStackVis=0, fullscreenStackBounds=Rect(0, 0 - 720, 1280), dockedStackBounds=Rect(0, 0 - 0, 0)
03-17 16:15:49.537  2227  2227 I PhoneStatusBar: setSystemUiVisibility vis=40000500 mask=ffffffff oldVal=80000508 newVal=40000500 diff=c0000008 fullscreenStackVis=0 dockedStackVis=0, fullscreenStackBounds=Rect(0, 0 - 720, 1280), dockedStackBounds=Rect(0, 0 - 0, 0)
---
len=67
03-17 16:13:46.153  1702  2113 V AudioManager: getRingtonePlayer...
03-17 16:13:46.159  1702  3137 V AudioManager: getRingtonePlayer...
03-17 16:13:46.398  2227  2227 I PanelView: onTrackingStopped: true
03-17 16:13:55.800 28601 28601 V AudioManager: isBluetoothA2dpOn...
---
len=253
03-17 16:16:04.598  1702  2644 I NotificationManager: enqueueNotificationInternal: pkg=com.tencent.mm id=4097 notification=Notification(pri=1 contentView=null vibrate=[] sound=null tick defaults=0x0 flags=0x101 color=0x00000000 category=msg vis=PRIVATE)
---
len=56
03-17 16:13:46.148  2227  2227 I PanelView: schedulePeek
---
len=100
03-17 16:13:45.466  1702 17632 W ActivityManager: Bad activity token: android.os.BinderProxy@2bd79ce
---
len=191
03-17 16:13:46.318  2227  2227 I StackScrollAlgorithm: overlapAmount:85.0, previousNotificationEnd:0.0, newYTranslation:-85.0, location:4, i:0, getTopPadding:333.0, getLocationOnScreen():-418
03-17 16:13:46.339  2227  2227 I StackScrollAlgorithm: overlapAmount:46.0, previousNotificationEnd:0.0, newYTranslation:-46.0, location:4, i:0, getTopPadding:333.0, getLocationOnScreen():-379
03-17 16:13:47.441  2227  2227 I StackScrollAlgorithm: overlapAmount:95.0, previousNotificationEnd:0.0, newYTranslation:-95.0, location:4, i:0, getTopPadding:333.0, getLocationOnScreen():-428
---
len=685
03-17 16:13:46.277  1702 14640 I WindowManager: Destroying surface Surface(name=com.tencent.qt.qtl/com.tencent.qt.qtl.activity.info.NewsDetailXmlActivity) called by com.android.server.wm.WindowStateAnimator.destroySurface:2060 com.android.server.wm.WindowStateAnimator.destroySurfaceLocked:913 com.android.server.wm.WindowState.removeLocked:1554 com.android.server.wm.WindowManagerService.removeWindowInnerLocked:2739 com.android.server.wm.WindowManagerService.removeWindowInnerLocked:2702 com.android.server.wm.WindowManagerService.removeWindowLocked:2691 com.android.server.wm.WindowManagerService.removeWindowLocked:2560 com.android.server.wm.WindowManagerService.removeWindow:2555 
---
len=94
03-17 16:13:45.317  1702 14640 D WindowManager: interceptKeyBeforeQueueing: key 4 , result : 1
03-17 16:13:45.362  1702  3137 D WindowManager: interceptKeyBeforeQueueing: key 4 , result : 1
03-17 16:14:00.004  1702  1702 I AlarmManager: scheduleTimeTickEvent triggerAtTime = 509202333
03-17 16:15:00.006  1702  1702 I AlarmManager: scheduleTimeTickEvent triggerAtTime = 509262332
03-17 16:15:25.170  1702 14638 D WindowManager: interceptKeyBeforeQueueing: key 4 , result : 1
03-17 16:15:25.265  1702  2107 D WindowManager: interceptKeyBeforeQueueing: key 4 , result : 1
03-17 16:15:25.482  1702 27353 D WindowManager: interceptKeyBeforeQueueing: key 4 , result : 1
03-17 16:15:25.549  1702 27357 D WindowManager: interceptKeyBeforeQueueing: key 4 , result : 1
03-17 16:15:26.153  1702 27353 D WindowManager: interceptKeyBeforeQueueing: key 3 , result : 1
03-17 16:15:26.252  1702  2618 D WindowManager: interceptKeyBeforeQueueing: key 3 , result : 1
03-17 16:15:47.524  1702 10454 D WindowManager: interceptKeyBeforeQueueing: key 3 , result : 1
03-17 16:15:47.589  1702  3697 D WindowManager: interceptKeyBeforeQueueing: key 3 , result : 1
03-17 16:15:48.659  1702  3694 D WindowManager: interceptKeyBeforeQueueing: key 3 , result : 1
03-17 16:15:48.694  1702  3693 D WindowManager: interceptKeyBeforeQueueing: key 3 , result : 1
03-17 16:16:00.005  1702  1702 I AlarmManager: scheduleTimeTickEvent triggerAtTime = 509322332
03-17 16:16:02.897  2227  2227 W KeyguardUpdateMonitor: ACTION_BATTERY_CHANGED AMP: 0; Volt: 0
03-17 16:16:04.105  1702 27353 D WindowManager: interceptKeyBeforeQueueing: key 3 , result : 1
03-17 16:16:04.165  1702 10454 D WindowManager: interceptKeyBeforeQueueing: key 3 , result : 1
03-17 16:16:06.808  2227  2227 D PhoneStatusBar: makeExpandedInvisible: mExpandedVisible=false
---
len=98
03-17 16:13:41.614  1702  1820 D DisplayPowerController: Animating brightness: target=38, rate=200
03-17 16:13:46.672  2227  2318 I PhoneStatusBar: logNotificationVisibilityChanges runInThread over
03-17 16:13:46.764  2227  2794 E KeyguardUpdateMonitor: isSimPinSecure mSimDatas is null or empty 
03-17 16:13:47.104  2227  2318 I PhoneStatusBar: logNotificationVisibilityChanges runInThread over
03-17 16:13:48.553  1702  1820 D DisplayPowerController: Animating brightness: target=38, rate=200
03-17 16:13:51.866  1702  1820 D DisplayPowerController: Animating brightness: target=38, rate=200
03-17 16:13:55.173  1702  1820 D DisplayPowerController: Animating brightness: target=38, rate=200
03-17 16:13:58.485  1702  1820 D DisplayPowerController: Animating brightness: target=38, rate=200
03-17 16:14:03.294  1702  1820 D DisplayPowerController: Animating brightness: target=38, rate=200
03-17 16:14:06.010  1702  1820 D DisplayPowerController: Animating brightness: target=38, rate=200
03-17 16:14:06.311  1702  1820 D DisplayPowerController: Animating brightness: target=38, rate=200
03-17 16:14:06.613  1702  1820 D DisplayPowerController: Animating brightness: target=38, rate=200
03-17 16:14:06.916  1702  1820 D DisplayPowerController: Animating brightness: target=38, rate=200
03-17 16:14:09.920  1702  1820 D DisplayPowerController: Animating brightness: target=38, rate=200
03-17 16:14:12.931  1702  1820 D DisplayPowerController: Animating brightness: target=38, rate=200
03-17 16:14:15.942  1702  1820 D DisplayPowerController: Animating brightness: target=38, rate=200
03-17 16:14:19.248  1702  1820 D DisplayPowerController: Animating brightness: target=38, rate=200
03-17 16:14:19.550  1702  1820 D DisplayPowerController: Animating brightness: target=38, rate=200
03-17 16:14:23.458  1702  1820 D DisplayPowerController: Animating brightness: target=38, rate=200
03-17 16:14:29.484  1702  1820 D DisplayPowerController: Animating brightness: target=38, rate=200
03-17 16:14:32.795  1702  1820 D DisplayPowerController: Animating brightness: target=38, rate=200
03-17 16:14:33.097  1702  1820 D DisplayPowerController: Animating brightness: target=38, rate=200
03-17 16:14:36.105  1702  1820 D DisplayPowerController: Animating brightness: target=38, rate=200
03-17 16:14:36.708  1702  1820 D DisplayPowerController: Animating brightness: target=38, rate=200
03-17 16:14:37.011  1702  1820 D DisplayPowerController: Animating brightness: target=38, rate=200
03-17 16:14:37.312  1702  1820 D DisplayPowerController: Animating brightness: target=38, rate=200
03-17 16:14:42.729  1702  1820 D DisplayPowerController: Animating brightness: target=38, rate=200
03-17 16:14:43.031  1702  1820 D DisplayPowerController: Animating brightness: target=38, rate=200
03-17 16:14:47.846  1702  1820 D DisplayPowerController: Animating brightness: target=38, rate=200
03-17 16:14:53.261  1702  1820 D DisplayPowerController: Animating brightness: target=38, rate=200
03-17 16:14:56.571  1702  1820 D DisplayPowerController: Animating brightness: target=38, rate=200
03-17 16:14:56.872  1702  1820 D DisplayPowerController: Animating brightness: target=38, rate=200
---
len=146
03-17 16:13:41.480  1702 27357 D PowerManagerService: release:lock=264232593, flg=0x0, tag="AudioMix", name=audioserver", ws=null, uid=1041, pid=0
03-17 16:13:47.585  1702 27353 I NotificationManager: cancelNotificationWithTag pid 28601,uid = 10111,tag = null,pkg =com.tencent.mobileqq,id =119
03-17 16:13:47.590  1702  2113 I NotificationManager: cancelNotificationWithTag pid 28601,uid = 10111,tag = null,pkg =com.tencent.mobileqq,id =122
03-17 16:13:47.631  1702  2555 I NotificationManager: cancelNotificationWithTag pid 28601,uid = 10111,tag = null,pkg =com.tencent.mobileqq,id =123
03-17 16:13:47.650  1702 17630 I NotificationManager: cancelNotificationWithTag pid 28601,uid = 10111,tag = null,pkg =com.tencent.mobileqq,id =129
03-17 16:13:47.681  1702  3694 I NotificationManager: cancelNotificationWithTag pid 28601,uid = 10111,tag = null,pkg =com.tencent.mobileqq,id =135
03-17 16:13:47.691  1702  1737 I NotificationManager: cancelNotificationWithTag pid 28601,uid = 10111,tag = null,pkg =com.tencent.mobileqq,id =140
03-17 16:13:47.694  1702 17632 I NotificationManager: cancelNotificationWithTag pid 28601,uid = 10111,tag = null,pkg =com.tencent.mobileqq,id =144
03-17 16:13:47.707  1702 27357 I NotificationManager: cancelNotificationWithTag pid 28601,uid = 10111,tag = null,pkg =com.tencent.mobileqq,id =193
03-17 16:13:58.796  1702  8303 D PowerManagerService: release:lock=219829192, flg=0x0, tag="AudioMix", name=audioserver", ws=null, uid=1041, pid=0
03-17 16:15:33.396  1702  2558 I NotificationManager: cancelNotificationWithTag pid 28601,uid = 10111,tag = null,pkg =com.tencent.mobileqq,id =121
03-17 16:15:33.398  1702  3137 I NotificationManager: cancelNotificationWithTag pid 28601,uid = 10111,tag = null,pkg =com.tencent.mobileqq,id =119
03-17 16:15:49.210  1702  2250 I ActivityManager: ActivityRecord info: ActivityInfo{71e60ba com.tencent.mobileqq.activity.SplashActivity}, euid: 0
03-17 16:15:49.525  1702 27353 I NotificationManager: cancelNotificationWithTag pid 28601,uid = 10111,tag = null,pkg =com.tencent.mobileqq,id =121
03-17 16:15:49.528  1702  2250 I NotificationManager: cancelNotificationWithTag pid 28601,uid = 10111,tag = null,pkg =com.tencent.mobileqq,id =119
03-17 16:15:49.529  1702  2555 I NotificationManager: cancelNotificationWithTag pid 28601,uid = 10111,tag = null,pkg =com.tencent.mobileqq,id =122
03-17 16:15:49.542  1702  2639 I NotificationManager: cancelNotificationWithTag pid 28601,uid = 10111,tag = null,pkg =com.tencent.mobileqq,id =123
03-17 16:15:49.545  1702 14638 I NotificationManager: cancelNotificationWithTag pid 28601,uid = 10111,tag = null,pkg =com.tencent.mobileqq,id =129
03-17 16:15:49.554  1702  2113 I NotificationManager: cancelNotificationWithTag pid 28601,uid = 10111,tag = null,pkg =com.tencent.mobileqq,id =135
03-17 16:15:49.559  1702 17621 I NotificationManager: cancelNotificationWithTag pid 28601,uid = 10111,tag = null,pkg =com.tencent.mobileqq,id =140
03-17 16:15:49.566  1702 10454 I NotificationManager: cancelNotificationWithTag pid 28601,uid = 10111,tag = null,pkg =com.tencent.mobileqq,id =144
03-17 16:15:49.593  1702 17632 I NotificationManager: cancelNotificationWithTag pid 28601,uid = 10111,tag = null,pkg =com.tencent.mobileqq,id =193
03-17 16:16:03.351  1702  8303 D PowerManagerService: release:lock=149977903, flg=0x0, tag="AudioMix", name=audioserver", ws=null, uid=1041, pid=0
03-17 16:16:03.352  1702  3693 D PowerManagerService: release:lock=155645244, flg=0x0, tag="AudioMix", name=audioserver", ws=null, uid=1041, pid=0
03-17 16:16:03.354  1702 27353 D PowerManagerService: release:lock=191063310, flg=0x0, tag="AudioMix", name=audioserver", ws=null, uid=1041, pid=0
03-17 16:16:03.360  1702 17622 D PowerManagerService: release:lock=173466309, flg=0x0, tag="AudioMix", name=audioserver", ws=null, uid=1041, pid=0
---
len=59
03-17 16:13:47.601  2227  2227 I PanelView: instantCollapse
03-17 16:15:26.278  2227  2227 I PanelView: instantCollapse
03-17 16:15:39.598  2227  2227 I PanelView: instantCollapse
03-17 16:15:47.630  2227  2227 I PanelView: instantCollapse
03-17 16:15:48.719  2227  2227 I PanelView: instantCollapse
03-17 16:15:49.573  2227  2227 I PanelView: instantCollapse
03-17 16:16:04.190  2227  2227 I PanelView: instantCollapse
03-17 16:16:06.761  2227  2227 I PanelView: instantCollapse
03-17 16:16:06.783  2227  2227 I PanelView: instantCollapse
---
len=353
03-17 16:13:47.016  2227  2227 I PanelView: onInterceptTouchEvent MotionEvent { action=ACTION_DOWN, actionButton=0, id[0]=0, x[0]=317.0, y[0]=419.0, toolType[0]=TOOL_TYPE_FINGER, buttonState=0, metaState=0, flags=0x0, edgeFlags=0x0, pointerCount=1, historySize=0, eventTime=261851646, downTime=261851646, deviceId=3, source=0x1002 }, mBlockTouches=false
---
len=156
03-17 16:13:45.316  1702 14640 D WindowManager: interceptKeyTq keycode=4 interactive=true keyguardActive=false policyFlags=2b000002 down true canceled false
03-17 16:15:25.170  1702 14638 D WindowManager: interceptKeyTq keycode=4 interactive=true keyguardActive=false policyFlags=2b000002 down true canceled false
03-17 16:15:25.482  1702 27353 D WindowManager: interceptKeyTq keycode=4 interactive=true keyguardActive=false policyFlags=2b000002 down true canceled false
03-17 16:15:26.153  1702 27353 D WindowManager: interceptKeyTq keycode=3 interactive=true keyguardActive=false policyFlags=2b000002 down true canceled false
03-17 16:15:47.524  1702 10454 D WindowManager: interceptKeyTq keycode=3 interactive=true keyguardActive=false policyFlags=2b000002 down true canceled false
03-17 16:15:48.659  1702  3694 D WindowManager: interceptKeyTq keycode=3 interactive=true keyguardActive=false policyFlags=2b000002 down true canceled false
03-17 16:16:04.105  1702 27353 D WindowManager: interceptKeyTq keycode=3 interactive=true keyguardActive=false policyFlags=2b000002 down true canceled false
---
len=206
03-17 16:13:45.402  1702  3694 V WindowManager: Skipping AppWindowToken{9f4ef63 token=Token{a64f992 ActivityRecord{de9231d u0 com.tencent.qt.qtl/.activity.info.NewsDetailXmlActivity t761}}} -- going to hide
03-17 16:13:45.512  1702  2639 V WindowManager: Skipping AppWindowToken{9f4ef63 token=Token{a64f992 ActivityRecord{de9231d u0 com.tencent.qt.qtl/.activity.info.NewsDetailXmlActivity t761}}} -- going to hide
03-17 16:13:47.289  1702 17633 I WindowManager: Taking screenshot from Surface with crop:[Rect(0, 48 - 720, 1208)], width:[432], height:[696], minLayer:[21085], maxLayer:[21085], inRotation:[false], rot:[0]
03-17 16:15:26.376  1702 14640 I WindowManager: Taking screenshot from Surface with crop:[Rect(0, 48 - 720, 1208)], width:[432], height:[696], minLayer:[21000], maxLayer:[21080], inRotation:[false], rot:[0]
03-17 16:15:47.778  1702  8289 I WindowManager: Taking screenshot from Surface with crop:[Rect(0, 48 - 720, 1208)], width:[432], height:[696], minLayer:[21080], maxLayer:[21085], inRotation:[false], rot:[0]
03-17 16:16:04.291  1702 17632 I WindowManager: Taking screenshot from Surface with crop:[Rect(0, 48 - 720, 1208)], width:[432], height:[696], minLayer:[21000], maxLayer:[21080], inRotation:[false], rot:[0]
---
len=109
03-17 16:13:40.305  3664  3807 D TelephonyManager: getNeighboringCellInfo calling app is com.amap.android.ams
03-17 16:13:47.150  1702  1702 I NotificationManager: cancelNotificationLocked called,tell the app,reason = 1
03-17 16:13:54.877  1702 27357 D ActivityManager: ActivityManagerService,attachApplication,callingPid = 12787
03-17 16:14:08.234  3664  3807 D TelephonyManager: getNeighboringCellInfo calling app is com.amap.android.ams
03-17 16:15:02.022  3664  3807 D TelephonyManager: getNeighboringCellInfo calling app is com.amap.android.ams
03-17 16:15:06.192  3664  3807 D TelephonyManager: getNeighboringCellInfo calling app is com.amap.android.ams
03-17 16:15:08.059  3664  3807 D TelephonyManager: getNeighboringCellInfo calling app is com.amap.android.ams
03-17 16:15:21.126  1702  2250 D ActivityManager: ActivityManagerService,attachApplication,callingPid = 13003
03-17 16:15:26.889  1702  2644 D ActivityManager: ActivityManagerService,attachApplication,callingPid = 13094
03-17 16:15:46.770  1702  2558 D ActivityManager: ActivityManagerService,attachApplication,callingPid = 13175
03-17 16:15:49.527  1702  1702 I NotificationManager: cancelNotificationLocked called,tell the app,reason = 8
---
len=87
03-17 16:13:40.241  2626  8682 W PhoneInterfaceManager: shouldBlockLocation running ...
03-17 16:13:40.280  2626  2642 W PhoneInterfaceManager: shouldBlockLocation running ...
03-17 16:13:40.307  2626 23469 W PhoneInterfaceManager: shouldBlockLocation running ...
03-17 16:13:40.322  2626  2809 W PhoneInterfaceManager: shouldBlockLocation running ...
03-17 16:13:40.346  2626  2642 W PhoneInterfaceManager: shouldBlockLocation running ...
03-17 16:13:55.821  2227  2514 V AudioManager: getLastAudibleStreamVolume  treamType: 0
03-17 16:13:55.879  2227  2514 V AudioManager: getLastAudibleStreamVolume  treamType: 1
03-17 16:13:55.882  2227  2514 V AudioManager: getLastAudibleStreamVolume  treamType: 2
03-17 16:13:55.891  2227  2514 V AudioManager: getLastAudibleStreamVolume  treamType: 3
03-17 16:13:55.896  2227  2514 V AudioManager: getLastAudibleStreamVolume  treamType: 4
03-17 16:13:55.899  2227  2514 V AudioManager: getLastAudibleStreamVolume  treamType: 5
03-17 16:13:55.904  2227  2514 V AudioManager: getLastAudibleStreamVolume  treamType: 6
03-17 16:13:55.906  2227  2514 V AudioManager: getLastAudibleStreamVolume  treamType: 7
03-17 16:13:55.921  2227  2514 V AudioManager: getLastAudibleStreamVolume  treamType: 8
03-17 16:14:08.162  2626  2808 W PhoneInterfaceManager: shouldBlockLocation running ...
03-17 16:14:08.209  2626  2838 W PhoneInterfaceManager: shouldBlockLocation running ...
03-17 16:14:08.244  2626  2839 W PhoneInterfaceManager: shouldBlockLocation running ...
03-17 16:14:08.270  2626  8682 W PhoneInterfaceManager: shouldBlockLocation running ...
03-17 16:14:08.324  2626 23469 W PhoneInterfaceManager: shouldBlockLocation running ...
03-17 16:15:01.939  2626  2839 W PhoneInterfaceManager: shouldBlockLocation running ...
03-17 16:15:01.994  2626 22775 W PhoneInterfaceManager: shouldBlockLocation running ...
03-17 16:15:02.027  2626  2643 W PhoneInterfaceManager: shouldBlockLocation running ...
03-17 16:15:02.051  2626  2808 W PhoneInterfaceManager: shouldBlockLocation running ...
03-17 16:15:02.087  2626  2642 W PhoneInterfaceManager: shouldBlockLocation running ...
03-17 16:15:06.106  2626 22775 W PhoneInterfaceManager: shouldBlockLocation running ...
03-17 16:15:06.154  2626  2809 W PhoneInterfaceManager: shouldBlockLocation running ...
03-17 16:15:06.197  2626 23469 W PhoneInterfaceManager: shouldBlockLocation running ...
03-17 16:15:06.213  2626  2809 W PhoneInterfaceManager: shouldBlockLocation running ...
03-17 16:15:06.241  2626  2838 W PhoneInterfaceManager: shouldBlockLocation running ...
03-17 16:15:07.969  2626  2838 W PhoneInterfaceManager: shouldBlockLocation running ...
03-17 16:15:08.022  2626  2839 W PhoneInterfaceManager: shouldBlockLocation running ...
03-17 16:15:08.062  2626  2839 W PhoneInterfaceManager: shouldBlockLocation running ...
---
len=112
03-17 16:13:41.481  1702 27357 D PowerManagerService: Releasing suspend blocker "PowerManagerService.WakeLocks".
03-17 16:13:45.382  1702  3697 D PowerManagerService: Acquiring suspend blocker "PowerManagerService.WakeLocks".
03-17 16:13:45.599  1702  2556 D PowerManagerService: Releasing suspend blocker "PowerManagerService.WakeLocks".
03-17 16:13:46.765  2227  2794 W KeyguardUpdateMonitor: android.util.AndroidRuntimeException: Must execute in UI
03-17 16:13:46.765  2227  2794 W KeyguardUpdateMonitor: android.util.AndroidRuntimeException: Must execute in UI
03-17 16:13:47.138  1702 17622 D PowerManagerService: Acquiring suspend blocker "PowerManagerService.WakeLocks".
03-17 16:13:47.709  1702  2113 D PowerManagerService: Releasing suspend blocker "PowerManagerService.WakeLocks".
03-17 16:13:47.743  2227  2794 W KeyguardUpdateMonitor: android.util.AndroidRuntimeException: Must execute in UI
03-17 16:13:54.736  1702  2106 D PowerManagerService: Acquiring suspend blocker "PowerManagerService.WakeLocks".
03-17 16:13:55.940  1702  2639 I DisplayManagerService: stopWifiDisplayScanLocked mWifiDisplayScanRequestCount=0
03-17 16:13:58.797  1702  8303 D PowerManagerService: Releasing suspend blocker "PowerManagerService.WakeLocks".
03-17 16:14:00.002  1702  2096 D PowerManagerService: Acquiring suspend blocker "PowerManagerService.WakeLocks".
03-17 16:14:00.349  1702  1702 D PowerManagerService: Releasing suspend blocker "PowerManagerService.WakeLocks".
03-17 16:14:08.057  1702  2113 D PowerManagerService: Acquiring suspend blocker "PowerManagerService.WakeLocks".
03-17 16:14:08.266  1702  8290 D PowerManagerService: Releasing suspend blocker "PowerManagerService.WakeLocks".
03-17 16:14:08.272  1702 27365 D PowerManagerService: Acquiring suspend blocker "PowerManagerService.WakeLocks".
03-17 16:14:08.299  1702  2639 D PowerManagerService: Releasing suspend blocker "PowerManagerService.WakeLocks".
03-17 16:14:08.300  1702 17632 D PowerManagerService: Acquiring suspend blocker "PowerManagerService.WakeLocks".
03-17 16:14:08.313  1702  1736 D PowerManagerService: Releasing suspend blocker "PowerManagerService.WakeLocks".
03-17 16:14:27.047  1702  2096 D PowerManagerService: Acquiring suspend blocker "PowerManagerService.WakeLocks".
03-17 16:14:27.075  1702  1702 D PowerManagerService: Releasing suspend blocker "PowerManagerService.WakeLocks".
03-17 16:14:27.161  1702 17632 I DisplayManagerService: stopWifiDisplayScanLocked mWifiDisplayScanRequestCount=0
03-17 16:14:27.169  1702  2618 I DisplayManagerService: stopWifiDisplayScanLocked mWifiDisplayScanRequestCount=0
03-17 16:14:27.181  1702  3694 I DisplayManagerService: stopWifiDisplayScanLocked mWifiDisplayScanRequestCount=0
03-17 16:14:56.126  1702  1737 D PowerManagerService: Acquiring suspend blocker "PowerManagerService.WakeLocks".
03-17 16:14:56.327  1702 17632 D PowerManagerService: Releasing suspend blocker "PowerManagerService.WakeLocks".
03-17 16:15:00.004  1702  2096 D PowerManagerService: Acquiring suspend blocker "PowerManagerService.WakeLocks".
03-17 16:15:00.354  1702  1702 D PowerManagerService: Releasing suspend blocker "PowerManagerService.WakeLocks".
03-17 16:15:00.939  1702  2558 D PowerManagerService: Acquiring suspend blocker "PowerManagerService.WakeLocks".
03-17 16:15:01.143  1702 17632 D PowerManagerService: Releasing suspend blocker "PowerManagerService.WakeLocks".
03-17 16:15:01.806  1702 27357 D PowerManagerService: Acquiring suspend blocker "PowerManagerService.WakeLocks".
03-17 16:15:02.018  1702  2113 D PowerManagerService: Releasing suspend blocker "PowerManagerService.WakeLocks".
---
len=259
03-17 16:13:38.954  2227  2227 I PhoneStatusBar: setSystemUiVisibility vis=40000500 mask=ffffffff oldVal=508 newVal=40000500 diff=40000008 fullscreenStackVis=0 dockedStackVis=0, fullscreenStackBounds=Rect(0, 0 - 720, 1280), dockedStackBounds=Rect(0, 0 - 0, 0)
03-17 16:13:45.626  2227  2227 I PhoneStatusBar: setSystemUiVisibility vis=40000500 mask=ffffffff oldVal=508 newVal=40000500 diff=40000008 fullscreenStackVis=0 dockedStackVis=0, fullscreenStackBounds=Rect(0, 0 - 720, 1280), dockedStackBounds=Rect(0, 0 - 0, 0)
03-17 16:13:46.240  2227  2227 I PhoneStatusBar: setSystemUiVisibility vis=40000600 mask=ffffffff oldVal=40000500 newVal=40000600 diff=300 fullscreenStackVis=0 dockedStackVis=0, fullscreenStackBounds=Rect(0, 0 - 720, 1280), dockedStackBounds=Rect(0, 0 - 0, 0)
03-17 16:13:47.124  2227  2227 I PhoneStatusBar: setSystemUiVisibility vis=40000500 mask=ffffffff oldVal=40000600 newVal=40000500 diff=300 fullscreenStackVis=0 dockedStackVis=0, fullscreenStackBounds=Rect(0, 0 - 720, 1280), dockedStackBounds=Rect(0, 0 - 0, 0)
03-17 16:13:47.599  2227  2227 I PhoneStatusBar: setSystemUiVisibility vis=40000500 mask=ffffffff oldVal=508 newVal=40000500 diff=40000008 fullscreenStackVis=0 dockedStackVis=0, fullscreenStackBounds=Rect(0, 0 - 720, 1280), dockedStackBounds=Rect(0, 0 - 0, 0)
03-17 16:15:26.577  2227  2227 I PhoneStatusBar: setSystemUiVisibility vis=c0000700 mask=ffffffff oldVal=708 newVal=c0000700 diff=c0000008 fullscreenStackVis=0 dockedStackVis=0, fullscreenStackBounds=Rect(0, 0 - 720, 1280), dockedStackBounds=Rect(0, 0 - 0, 0)
03-17 16:15:47.410  2227  2227 I PhoneStatusBar: setSystemUiVisibility vis=40000000 mask=ffffffff oldVal=40000600 newVal=40000000 diff=600 fullscreenStackVis=0 dockedStackVis=0, fullscreenStackBounds=Rect(0, 0 - 720, 1280), dockedStackBounds=Rect(0, 0 - 0, 0)
03-17 16:15:47.425  2227  2227 I PhoneStatusBar: setSystemUiVisibility vis=40000600 mask=ffffffff oldVal=40000000 newVal=40000600 diff=600 fullscreenStackVis=0 dockedStackVis=0, fullscreenStackBounds=Rect(0, 0 - 720, 1280), dockedStackBounds=Rect(0, 0 - 0, 0)
03-17 16:15:48.106  2227  2227 I PhoneStatusBar: setSystemUiVisibility vis=c0000700 mask=ffffffff oldVal=708 newVal=c0000700 diff=c0000008 fullscreenStackVis=0 dockedStackVis=0, fullscreenStackBounds=Rect(0, 0 - 720, 1280), dockedStackBounds=Rect(0, 0 - 0, 0)
03-17 16:16:04.540  2227  2227 I PhoneStatusBar: setSystemUiVisibility vis=c0000700 mask=ffffffff oldVal=708 newVal=c0000700 diff=c0000008 fullscreenStackVis=0 dockedStackVis=0, fullscreenStackBounds=Rect(0, 0 - 720, 1280), dockedStackBounds=Rect(0, 0 - 0, 0)
---
len=62
03-17 16:13:46.242  2227  2227 I PanelView: onExpandingStarted
03-17 16:13:47.101  2227  2227 I PanelView: onExpandingStarted
---
len=159
03-17 16:13:40.142  1702  2618 D PowerManagerService: acquire lock=166121161, flags=0x1, tag="RILJ_ACK_WL", name=com.android.phone, ws=null, uid=1001, pid=2626
03-17 16:13:45.382  1702  3697 D PowerManagerService: acquire lock=189667585, flags=0x1, tag="*launch*", name=android, ws=WorkSource{10113}, uid=1000, pid=1702
03-17 16:13:47.138  1702 17622 D PowerManagerService: acquire lock=189667585, flags=0x1, tag="*launch*", name=android, ws=WorkSource{10111}, uid=1000, pid=1702
03-17 16:13:54.735  1702  2106 D PowerManagerService: acquire lock=237091223, flags=0x1, tag="WiredAccessoryManager", name=android, ws=null, uid=1000, pid=1702
03-17 16:15:00.939  1702  2558 D PowerManagerService: acquire lock=134680583, flags=0x1, tag="RILJ_ACK_WL", name=com.android.phone, ws=null, uid=1001, pid=2626
03-17 16:15:01.805  1702 27357 D PowerManagerService: acquire lock=134680583, flags=0x1, tag="RILJ_ACK_WL", name=com.android.phone, ws=null, uid=1001, pid=2626
03-17 16:15:01.811  1702  1737 D PowerManagerService: acquire lock=134680583, flags=0x1, tag="RILJ_ACK_WL", name=com.android.phone, ws=null, uid=1001, pid=2626
03-17 16:15:05.482  1702 17630 D PowerManagerService: acquire lock=120758482, flags=0x1, tag="RILJ_ACK_WL", name=com.android.phone, ws=null, uid=1001, pid=2626
03-17 16:15:05.994  1702  8303 D PowerManagerService: acquire lock=120758482, flags=0x1, tag="RILJ_ACK_WL", name=com.android.phone, ws=null, uid=1001, pid=2626
03-17 16:15:06.000  1702 17632 D PowerManagerService: acquire lock=120758482, flags=0x1, tag="RILJ_ACK_WL", name=com.android.phone, ws=null, uid=1001, pid=2626
03-17 16:15:07.846  1702  8671 D PowerManagerService: acquire lock=120758482, flags=0x1, tag="RILJ_ACK_WL", name=com.android.phone, ws=null, uid=1001, pid=2626
03-17 16:15:07.853  1702  2395 D PowerManagerService: acquire lock=120758482, flags=0x1, tag="RILJ_ACK_WL", name=com.android.phone, ws=null, uid=1001, pid=2626
03-17 16:15:26.299  1702  2105 D PowerManagerService: acquire lock=189667585, flags=0x1, tag="*launch*", name=android, ws=WorkSource{10057}, uid=1000, pid=1702
03-17 16:15:36.937  1702  2113 D PowerManagerService: acquire lock=189667585, flags=0x1, tag="*launch*", name=android, ws=WorkSource{10020}, uid=1000, pid=1702
03-17 16:15:37.139  1702 10454 D ActivityManager: getRecentTasks: topActivity=ComponentInfo{com.example.android.notepad/com.example.android.notepad.NoteEditor}
03-17 16:15:37.153  1702  2639 D ActivityManager: getRecentTasks: topActivity=ComponentInfo{com.example.android.notepad/com.example.android.notepad.NoteEditor}
03-17 16:15:47.669  1702  2105 D PowerManagerService: acquire lock=189667585, flags=0x1, tag="*launch*", name=android, ws=WorkSource{10057}, uid=1000, pid=1702
03-17 16:15:47.974  1702 17630 D ActivityManager: getRecentTasks: topActivity=ComponentInfo{com.example.android.notepad/com.example.android.notepad.NoteEditor}
03-17 16:15:47.989  1702  2558 D ActivityManager: getRecentTasks: topActivity=ComponentInfo{com.example.android.notepad/com.example.android.notepad.NoteEditor}
03-17 16:15:49.228  1702  2250 D PowerManagerService: acquire lock=189667585, flags=0x1, tag="*launch*", name=android, ws=WorkSource{10111}, uid=1000, pid=1702
03-17 16:16:04.208  1702  2105 D PowerManagerService: acquire lock=189667585, flags=0x1, tag="*launch*", name=android, ws=WorkSource{10057}, uid=1000, pid=1702
03-17 16:16:06.809  1702  3137 D PowerManagerService: acquire lock=189667585, flags=0x1, tag="*launch*", name=android, ws=WorkSource{10112}, uid=1000, pid=1702
---
len=128
03-17 16:13:39.207  1702  1815 I WindowManager: Application requested orientation 1, got rotation 0 which has compatible metrics
03-17 16:15:47.746  1702 17621 I WindowManager: Application requested orientation 1, got rotation 0 which has compatible metrics
---
len=125
03-17 16:13:38.928  2227  2227 I StackScrollAlgorithm: updateClipping isOverlap:false, getTopPadding=333.0, Translation=-24.0
03-17 16:13:46.187  2227  2227 I StackScrollAlgorithm: updateClipping isOverlap:true, getTopPadding=333.0, Translation=-529.0
03-17 16:13:46.290  2227  2227 I StackScrollAlgorithm: updateClipping isOverlap:true, getTopPadding=333.0, Translation=-479.0
03-17 16:13:46.306  2227  2227 I StackScrollAlgorithm: updateClipping isOverlap:true, getTopPadding=333.0, Translation=-452.0
03-17 16:13:46.318  2227  2227 I StackScrollAlgorithm: updateClipping isOverlap:true, getTopPadding=333.0, Translation=-418.0
03-17 16:13:46.339  2227  2227 I StackScrollAlgorithm: updateClipping isOverlap:true, getTopPadding=333.0, Translation=-379.0
03-17 16:13:46.352  2227  2227 I StackScrollAlgorithm: updateClipping isOverlap:true, getTopPadding=333.0, Translation=-338.0
03-17 16:13:46.486  2227  2227 I StackScrollAlgorithm: updateClipping isOverlap:false, getTopPadding=333.0, Translation=-90.0
03-17 16:13:46.502  2227  2227 I StackScrollAlgorithm: updateClipping isOverlap:false, getTopPadding=333.0, Translation=-72.0
03-17 16:13:46.518  2227  2227 I StackScrollAlgorithm: updateClipping isOverlap:false, getTopPadding=333.0, Translation=-55.0
03-17 16:13:46.535  2227  2227 I StackScrollAlgorithm: updateClipping isOverlap:false, getTopPadding=333.0, Translation=-40.0
03-17 16:13:46.551  2227  2227 I StackScrollAlgorithm: updateClipping isOverlap:false, getTopPadding=333.0, Translation=-29.0
03-17 16:13:46.568  2227  2227 I StackScrollAlgorithm: updateClipping isOverlap:false, getTopPadding=333.0, Translation=-19.0
03-17 16:13:46.586  2227  2227 I StackScrollAlgorithm: updateClipping isOverlap:false, getTopPadding=333.0, Translation=-11.0
03-17 16:13:47.270  2227  2227 I StackScrollAlgorithm: updateClipping isOverlap:false, getTopPadding=333.0, Translation=-21.0
03-17 16:13:47.287  2227  2227 I StackScrollAlgorithm: updateClipping isOverlap:false, getTopPadding=333.0, Translation=-43.0
03-17 16:13:47.305  2227  2227 I StackScrollAlgorithm: updateClipping isOverlap:false, getTopPadding=333.0, Translation=-70.0
03-17 16:13:47.441  2227  2227 I StackScrollAlgorithm: updateClipping isOverlap:true, getTopPadding=333.0, Translation=-428.0
03-17 16:13:47.460  2227  2227 I StackScrollAlgorithm: updateClipping isOverlap:true, getTopPadding=333.0, Translation=-487.0
03-17 16:13:47.471  2227  2227 I StackScrollAlgorithm: updateClipping isOverlap:true, getTopPadding=333.0, Translation=-546.0
03-17 16:15:39.249  2227  2227 I StackScrollAlgorithm: updateClipping isOverlap:true, getTopPadding=333.0, Translation=-497.0
03-17 16:15:39.589  2227  2227 I StackScrollAlgorithm: updateClipping isOverlap:true, getTopPadding=333.0, Translation=-553.0
03-17 16:15:39.709  2227  2227 I StackScrollAlgorithm: updateClipping isOverlap:false, getTopPadding=333.0, Translation=-24.0
03-17 16:15:47.945  2227  2227 I StackScrollAlgorithm: updateClipping isOverlap:false, getTopPadding=333.0, Translation=-24.0
03-17 16:15:49.450  2227  2227 I StackScrollAlgorithm: updateClipping isOverlap:false, getTopPadding=333.0, Translation=-24.0
03-17 16:16:06.774  2227  2227 I StackScrollAlgorithm: updateClipping isOverlap:true, getTopPadding=333.0, Translation=-553.0
