03-17 16:16:06.794  2227  2227 I StackScrollAlgorithm: updateClipping isOverlap:true, getTopPadding=333.0, Translation=-553.0
03-17 16:16:07.188  2227  2227 I StackScrollAlgorithm: updateClipping isOverlap:false, getTopPadding=333.0, Translation=-24.0
---
len=222
03-17 16:13:39.011  1702  2639 D PowerManagerService: ready=true,policy=3,wakefulness=1,wksummary=0x1,uasummary=0x1,bootcompleted=true,boostinprogress=false,waitmodeenable=false,mode=false,manual=38,auto=-1,adj=0.0userId=0
03-17 16:13:39.080  1702  1815 D PowerManagerService: ready=true,policy=3,wakefulness=1,wksummary=0x1,uasummary=0x1,bootcompleted=true,boostinprogress=false,waitmodeenable=false,mode=false,manual=38,auto=-1,adj=0.0userId=0
03-17 16:13:40.143  1702  2618 D PowerManagerService: ready=true,policy=3,wakefulness=1,wksummary=0x1,uasummary=0x1,bootcompleted=true,boostinprogress=false,waitmodeenable=false,mode=false,manual=38,auto=-1,adj=0.0userId=0
03-17 16:13:40.146  1702  2555 D PowerManagerService: ready=true,policy=3,wakefulness=1,wksummary=0x1,uasummary=0x1,bootcompleted=true,boostinprogress=false,waitmodeenable=false,mode=false,manual=38,auto=-1,adj=0.0userId=0
03-17 16:13:40.147  1702  2633 D PowerManagerService: ready=true,policy=3,wakefulness=1,wksummary=0x1,uasummary=0x1,bootcompleted=true,boostinprogress=false,waitmodeenable=false,mode=false,manual=38,auto=-1,adj=0.0userId=0
03-17 16:13:40.148  1702  2395 D PowerManagerService: ready=true,policy=3,wakefulness=1,wksummary=0x1,uasummary=0x1,bootcompleted=true,boostinprogress=false,waitmodeenable=false,mode=false,manual=38,auto=-1,adj=0.0userId=0
03-17 16:13:40.150  1702  2556 D PowerManagerService: ready=true,policy=3,wakefulness=1,wksummary=0x1,uasummary=0x1,bootcompleted=true,boostinprogress=false,waitmodeenable=false,mode=false,manual=38,auto=-1,adj=0.0userId=0
03-17 16:13:40.190  1702  2250 D PowerManagerService: ready=true,policy=3,wakefulness=1,wksummary=0x1,uasummary=0x1,bootcompleted=true,boostinprogress=false,waitmodeenable=false,mode=false,manual=38,auto=-1,adj=0.0userId=0
03-17 16:13:40.309  1702  2395 D PowerManagerService: ready=true,policy=3,wakefulness=1,wksummary=0x1,uasummary=0x1,bootcompleted=true,boostinprogress=false,waitmodeenable=false,mode=false,manual=38,auto=-1,adj=0.0userId=0
03-17 16:13:40.319  1702 17630 D PowerManagerService: ready=true,policy=3,wakefulness=1,wksummary=0x1,uasummary=0x1,bootcompleted=true,boostinprogress=false,waitmodeenable=false,mode=false,manual=38,auto=-1,adj=0.0userId=0
03-17 16:13:40.324  1702  2113 D PowerManagerService: ready=true,policy=3,wakefulness=1,wksummary=0x1,uasummary=0x1,bootcompleted=true,boostinprogress=false,waitmodeenable=false,mode=false,manual=38,auto=-1,adj=0.0userId=0
03-17 16:13:40.332  1702 27357 D PowerManagerService: ready=true,policy=3,wakefulness=1,wksummary=0x1,uasummary=0x1,bootcompleted=true,boostinprogress=false,waitmodeenable=false,mode=false,manual=38,auto=-1,adj=0.0userId=0
03-17 16:13:40.334  1702 27357 D PowerManagerService: ready=true,policy=3,wakefulness=1,wksummary=0x1,uasummary=0x1,bootcompleted=true,boostinprogress=false,waitmodeenable=false,mode=false,manual=38,auto=-1,adj=0.0userId=0
03-17 16:13:40.343  1702  3697 D PowerManagerService: ready=true,policy=3,wakefulness=1,wksummary=0x1,uasummary=0x1,bootcompleted=true,boostinprogress=false,waitmodeenable=false,mode=false,manual=38,auto=-1,adj=0.0userId=0
03-17 16:13:40.345  1702 14638 D PowerManagerService: ready=true,policy=3,wakefulness=1,wksummary=0x1,uasummary=0x1,bootcompleted=true,boostinprogress=false,waitmodeenable=false,mode=false,manual=38,auto=-1,adj=0.0userId=0
03-17 16:13:41.481  1702 27357 D PowerManagerService: ready=true,policy=3,wakefulness=1,wksummary=0x0,uasummary=0x1,bootcompleted=true,boostinprogress=false,waitmodeenable=false,mode=false,manual=38,auto=-1,adj=0.0userId=0
03-17 16:13:45.308  1702  2105 D PowerManagerService: ready=true,policy=3,wakefulness=1,wksummary=0x0,uasummary=0x1,bootcompleted=true,boostinprogress=false,waitmodeenable=false,mode=false,manual=38,auto=-1,adj=0.0userId=0
03-17 16:13:45.318  1702  2105 D PowerManagerService: ready=true,policy=3,wakefulness=1,wksummary=0x0,uasummary=0x1,bootcompleted=true,boostinprogress=false,waitmodeenable=false,mode=false,manual=38,auto=-1,adj=0.0userId=0
03-17 16:13:45.382  1702  3697 D PowerManagerService: ready=true,policy=3,wakefulness=1,wksummary=0x1,uasummary=0x1,bootcompleted=true,boostinprogress=false,waitmodeenable=false,mode=false,manual=38,auto=-1,adj=0.0userId=0
03-17 16:13:45.599  1702  2556 D PowerManagerService: ready=true,policy=3,wakefulness=1,wksummary=0x0,uasummary=0x1,bootcompleted=true,boostinprogress=false,waitmodeenable=false,mode=false,manual=38,auto=-1,adj=0.0userId=0
03-17 16:13:46.144  1702  2105 D PowerManagerService: ready=true,policy=3,wakefulness=1,wksummary=0x0,uasummary=0x1,bootcompleted=true,boostinprogress=false,waitmodeenable=false,mode=false,manual=38,auto=-1,adj=0.0userId=0
03-17 16:13:47.013  1702  2105 D PowerManagerService: ready=true,policy=3,wakefulness=1,wksummary=0x0,uasummary=0x1,bootcompleted=true,boostinprogress=false,waitmodeenable=false,mode=false,manual=38,auto=-1,adj=0.0userId=0
03-17 16:13:47.138  1702 17622 D PowerManagerService: ready=true,policy=3,wakefulness=1,wksummary=0x1,uasummary=0x1,bootcompleted=true,boostinprogress=false,waitmodeenable=false,mode=false,manual=38,auto=-1,adj=0.0userId=0
03-17 16:13:47.525  1702 27353 D PowerManagerService: ready=true,policy=3,wakefulness=1,wksummary=0x1,uasummary=0x1,bootcompleted=true,boostinprogress=false,waitmodeenable=false,mode=false,manual=38,auto=-1,adj=0.0userId=0
03-17 16:13:47.641  1702  3697 D PowerManagerService: ready=true,policy=3,wakefulness=1,wksummary=0x1,uasummary=0x1,bootcompleted=true,boostinprogress=false,waitmodeenable=false,mode=false,manual=38,auto=-1,adj=0.0userId=0
03-17 16:13:47.709  1702  2113 D PowerManagerService: ready=true,policy=3,wakefulness=1,wksummary=0x0,uasummary=0x1,bootcompleted=true,boostinprogress=false,waitmodeenable=false,mode=false,manual=38,auto=-1,adj=0.0userId=0
03-17 16:13:54.736  1702  2106 D PowerManagerService: ready=true,policy=3,wakefulness=1,wksummary=0x1,uasummary=0x1,bootcompleted=true,boostinprogress=false,waitmodeenable=false,mode=false,manual=38,auto=-1,adj=0.0userId=0
03-17 16:13:54.745  1702  1702 D PowerManagerService: ready=true,policy=3,wakefulness=1,wksummary=0x1,uasummary=0x1,bootcompleted=true,boostinprogress=false,waitmodeenable=false,mode=false,manual=38,auto=-1,adj=0.0userId=0
03-17 16:13:54.747  1702  1702 D PowerManagerService: ready=true,policy=3,wakefulness=1,wksummary=0x1,uasummary=0x1,bootcompleted=true,boostinprogress=false,waitmodeenable=false,mode=false,manual=38,auto=-1,adj=0.0userId=0
03-17 16:13:55.784  1702  2113 D PowerManagerService: ready=true,policy=3,wakefulness=1,wksummary=0x1,uasummary=0x1,bootcompleted=true,boostinprogress=false,waitmodeenable=false,mode=false,manual=38,auto=-1,adj=0.0userId=0
03-17 16:13:55.793  1702  2153 D PowerManagerService: ready=true,policy=3,wakefulness=1,wksummary=0x1,uasummary=0x1,bootcompleted=true,boostinprogress=false,waitmodeenable=false,mode=false,manual=38,auto=-1,adj=0.0userId=0
03-17 16:13:55.827  1702 17632 D PowerManagerService: ready=true,policy=3,wakefulness=1,wksummary=0x1,uasummary=0x1,bootcompleted=true,boostinprogress=false,waitmodeenable=false,mode=false,manual=38,auto=-1,adj=0.0userId=0
---
len=68
03-17 16:13:39.070  1702  1815 D WindowManager: startAnimation begin
---
len=556
03-17 16:13:38.994  1702 27365 I WindowManager: Destroying surface Surface(name=SurfaceView - com.tencent.qt.qtl/com.tencent.video.player.activity.PlayerActivity) called by com.android.server.wm.WindowStateAnimator.destroyDeferredSurfaceLocked:942 com.android.server.wm.WindowManagerService.performDeferredDestroyWindow:3407 com.android.server.wm.Session.performDeferredDestroy:225 android.view.IWindowSession$Stub.onTransact:398 com.android.server.wm.Session.onTransact:136 android.os.Binder.execTransact:565 <bottom of call stack> <bottom of call stack> 
---
len=162
03-17 16:13:39.010  1702  2639 D PowerManagerService: release:lock=62617001, flg=0x0, tag="WindowManager", name=android", ws=WorkSource{10113}, uid=1000, pid=1702
---
len=86
03-17 16:13:40.241  2626  8682 I PhoneInterfaceManager: shouldBlockLocation  ret:false
03-17 16:13:40.280  2626  2642 I PhoneInterfaceManager: shouldBlockLocation  ret:false
03-17 16:13:40.308  2626 23469 I PhoneInterfaceManager: shouldBlockLocation  ret:false
03-17 16:13:40.322  2626  2809 I PhoneInterfaceManager: shouldBlockLocation  ret:false
03-17 16:13:40.346  2626  2642 I PhoneInterfaceManager: shouldBlockLocation  ret:false
03-17 16:14:08.162  2626  2808 I PhoneInterfaceManager: shouldBlockLocation  ret:false
03-17 16:14:08.209  2626  2838 I PhoneInterfaceManager: shouldBlockLocation  ret:false
03-17 16:14:08.245  2626  2839 I PhoneInterfaceManager: shouldBlockLocation  ret:false
03-17 16:14:08.270  2626  8682 I PhoneInterfaceManager: shouldBlockLocation  ret:false
03-17 16:14:08.324  2626 23469 I PhoneInterfaceManager: shouldBlockLocation  ret:false
03-17 16:15:01.940  2626  2839 I PhoneInterfaceManager: shouldBlockLocation  ret:false
03-17 16:15:01.994  2626 22775 I PhoneInterfaceManager: shouldBlockLocation  ret:false
03-17 16:15:02.028  2626  2643 I PhoneInterfaceManager: shouldBlockLocation  ret:false
03-17 16:15:02.052  2626  2808 I PhoneInterfaceManager: shouldBlockLocation  ret:false
03-17 16:15:02.087  2626  2642 I PhoneInterfaceManager: shouldBlockLocation  ret:false
03-17 16:15:06.106  2626 22775 I PhoneInterfaceManager: shouldBlockLocation  ret:false
03-17 16:15:06.154  2626  2809 I PhoneInterfaceManager: shouldBlockLocation  ret:false
03-17 16:15:06.198  2626 23469 I PhoneInterfaceManager: shouldBlockLocation  ret:false
03-17 16:15:06.214  2626  2809 I PhoneInterfaceManager: shouldBlockLocation  ret:false
03-17 16:15:06.241  2626  2838 I PhoneInterfaceManager: shouldBlockLocation  ret:false
03-17 16:15:07.969  2626  2838 I PhoneInterfaceManager: shouldBlockLocation  ret:false
03-17 16:15:08.023  2626  2839 I PhoneInterfaceManager: shouldBlockLocation  ret:false
03-17 16:15:08.063  2626  2839 I PhoneInterfaceManager: shouldBlockLocation  ret:false
03-17 16:15:08.080  2626  3848 I PhoneInterfaceManager: shouldBlockLocation  ret:false
03-17 16:15:08.089  2626  2838 I PhoneInterfaceManager: shouldBlockLocation  ret:false
03-17 16:15:26.698  2626  3848 I PhoneInterfaceManager: shouldBlockLocation  ret:false
03-17 16:15:26.920  2626  2839 I PhoneInterfaceManager: shouldBlockLocation  ret:false
03-17 16:15:27.175  2626  2809 I PhoneInterfaceManager: shouldBlockLocation  ret:false
03-17 16:15:27.237  2626  2838 I PhoneInterfaceManager: shouldBlockLocation  ret:false
03-17 16:15:27.284  2626  8682 I PhoneInterfaceManager: shouldBlockLocation  ret:false
03-17 16:15:27.305  2626  2808 I PhoneInterfaceManager: shouldBlockLocation  ret:false
03-17 16:15:28.100  2626  8682 I PhoneInterfaceManager: shouldBlockLocation  ret:false
---
len=71
03-17 16:13:38.861  2227  2227 D TextView: mVisiblity.getValue is false
03-17 16:13:38.871  2227  2227 D TextView: mVisiblity.getValue is false
03-17 16:13:38.877  2227  2227 D TextView: mVisiblity.getValue is false
03-17 16:13:38.882  2227  2227 D TextView: mVisiblity.getValue is false
03-17 16:13:38.888  2227  2227 D TextView: mVisiblity.getValue is false
---
len=161
03-17 16:13:38.819  1702  8671 D PowerManagerService: acquire lock=233570404, flags=0x1, tag="View Lock", name=com.android.systemui, ws=null, uid=10037, pid=2227
---
len=655
03-17 16:15:26.946  1702  2558 I WindowManager: Destroying surface Surface(name=com.tencent.mobileqq/com.tencent.mobileqq.activity.SplashActivity) called by com.android.server.wm.WindowStateAnimator.destroySurface:2060 com.android.server.wm.WindowStateAnimator.destroySurfaceLocked:913 com.android.server.wm.WindowState.destroyOrSaveSurface:2201 com.android.server.wm.AppWindowToken.destroySurfaces:374 com.android.server.wm.AppWindowToken.notifyAppStopped:400 com.android.server.wm.WindowManagerService.notifyAppStopped:4869 com.android.server.am.ActivityStack.activityStoppedLocked:1393 com.android.server.am.ActivityManagerService.activityStopped:7690 
03-17 16:16:04.816  1702  8303 I WindowManager: Destroying surface Surface(name=com.tencent.mobileqq/com.tencent.mobileqq.activity.SplashActivity) called by com.android.server.wm.WindowStateAnimator.destroySurface:2060 com.android.server.wm.WindowStateAnimator.destroySurfaceLocked:913 com.android.server.wm.WindowState.destroyOrSaveSurface:2201 com.android.server.wm.AppWindowToken.destroySurfaces:374 com.android.server.wm.AppWindowToken.notifyAppStopped:400 com.android.server.wm.WindowManagerService.notifyAppStopped:4869 com.android.server.am.ActivityStack.activityStoppedLocked:1393 com.android.server.am.ActivityManagerService.activityStopped:7690 
---
len=64
03-17 16:13:45.310  2227  2227 I PhoneStatusBar: suspendAutohide
03-17 16:13:46.145  2227  2227 I PhoneStatusBar: suspendAutohide
03-17 16:13:46.146  2227  2227 I PhoneStatusBar: suspendAutohide
03-17 16:13:46.155  2227  2227 I PhoneStatusBar: suspendAutohide
03-17 16:13:46.241  2227  2227 I PhoneStatusBar: suspendAutohide
03-17 16:13:46.250  2227  2227 I PhoneStatusBar: suspendAutohide
03-17 16:13:46.285  2227  2227 I PhoneStatusBar: suspendAutohide
03-17 16:13:46.304  2227  2227 I PhoneStatusBar: suspendAutohide
03-17 16:13:46.317  2227  2227 I PhoneStatusBar: suspendAutohide
03-17 16:13:46.338  2227  2227 I PhoneStatusBar: suspendAutohide
03-17 16:13:46.350  2227  2227 I PhoneStatusBar: suspendAutohide
03-17 16:13:46.368  2227  2227 I PhoneStatusBar: suspendAutohide
03-17 16:13:46.388  2227  2227 I PhoneStatusBar: suspendAutohide
03-17 16:13:46.394  2227  2227 I PhoneStatusBar: suspendAutohide
03-17 16:13:46.397  2227  2227 I PhoneStatusBar: suspendAutohide
03-17 16:15:18.856 28601 28601 I AudioManager: abandonAudioFocus
03-17 16:15:25.167  2227  2227 I PhoneStatusBar: suspendAutohide
03-17 16:15:25.479  2227  2227 I PhoneStatusBar: suspendAutohide
03-17 16:15:26.149  2227  2227 I PhoneStatusBar: suspendAutohide
03-17 16:15:33.527  2227  2227 I PhoneStatusBar: suspendAutohide
03-17 16:15:47.521  2227  2227 I PhoneStatusBar: suspendAutohide
03-17 16:15:48.655  2227  2227 I PhoneStatusBar: suspendAutohide
03-17 16:16:04.100  2227  2227 I PhoneStatusBar: suspendAutohide
03-17 16:16:04.769  2227  2227 I PhoneStatusBar: suspendAutohide
---
len=61
03-17 16:13:46.250  2227  2227 I PanelView: onTrackingStarted
03-17 16:13:46.398  2227  2227 I PanelView: cancelPeek: false
03-17 16:13:47.224  2227  2227 I PanelView: cancelPeek: false
03-17 16:13:47.601  2227  2227 I PanelView: cancelPeek: false
03-17 16:13:47.601  2227  2227 I PanelView: cancelPeek: false
03-17 16:15:26.278  2227  2227 I PanelView: cancelPeek: false
03-17 16:15:26.278  2227  2227 I PanelView: cancelPeek: false
03-17 16:15:39.598  2227  2227 I PanelView: cancelPeek: false
03-17 16:15:39.598  2227  2227 I PanelView: cancelPeek: false
03-17 16:15:47.630  2227  2227 I PanelView: cancelPeek: false
03-17 16:15:47.630  2227  2227 I PanelView: cancelPeek: false
03-17 16:15:48.719  2227  2227 I PanelView: cancelPeek: false
03-17 16:15:48.719  2227  2227 I PanelView: cancelPeek: false
03-17 16:15:49.572  2227  2227 I PanelView: cancelPeek: false
03-17 16:15:49.573  2227  2227 I PanelView: cancelPeek: false
03-17 16:16:04.190  2227  2227 I PanelView: cancelPeek: false
03-17 16:16:04.190  2227  2227 I PanelView: cancelPeek: false
03-17 16:16:06.761  2227  2227 I PanelView: cancelPeek: false
03-17 16:16:06.761  2227  2227 I PanelView: cancelPeek: false
03-17 16:16:06.783  2227  2227 I PanelView: cancelPeek: false
03-17 16:16:06.783  2227  2227 I PanelView: cancelPeek: false
---
len=158
03-17 16:13:38.936  1702 14638 D PowerManagerService: release:lock=189667585, flg=0x0, tag="*launch*", name=android", ws=WorkSource{10113}, uid=1000, pid=1702
03-17 16:13:40.345  1702 14638 D PowerManagerService: release:lock=166121161, flg=0x0, tag="RILJ_ACK_WL", name=com.android.phone", ws=null, uid=1001, pid=2626
03-17 16:13:45.598  1702  2556 D PowerManagerService: release:lock=189667585, flg=0x0, tag="*launch*", name=android", ws=WorkSource{10113}, uid=1000, pid=1702
03-17 16:13:47.518  1702  8671 D ActivityManager: getRecentTasks: topActivity=ComponentInfo{com.tencent.mobileqq/com.tencent.mobileqq.activity.SplashActivity}
03-17 16:13:47.547  1702  3694 D ActivityManager: getRecentTasks: topActivity=ComponentInfo{com.tencent.mobileqq/com.tencent.mobileqq.activity.SplashActivity}
03-17 16:13:47.640  1702  3697 D PowerManagerService: release:lock=189667585, flg=0x0, tag="*launch*", name=android", ws=WorkSource{10111}, uid=1000, pid=1702
03-17 16:13:54.746  1702  1702 D PowerManagerService: release:lock=237091223, flg=0x0, tag="WiredAccessoryManager", name=android", ws=null, uid=1000, pid=1702
03-17 16:14:08.056  1702  2113 D PowerManagerService: acquire lock=60373518, flags=0x1, tag="RILJ_ACK_WL", name=com.android.phone, ws=null, uid=1001, pid=2626
03-17 16:15:01.142  1702 17632 D PowerManagerService: release:lock=134680583, flg=0x0, tag="RILJ_ACK_WL", name=com.android.phone", ws=null, uid=1001, pid=2626
03-17 16:15:02.016  1702  2113 D PowerManagerService: release:lock=134680583, flg=0x0, tag="RILJ_ACK_WL", name=com.android.phone", ws=null, uid=1001, pid=2626
03-17 16:15:05.686  1702  8290 D PowerManagerService: release:lock=120758482, flg=0x0, tag="RILJ_ACK_WL", name=com.android.phone", ws=null, uid=1001, pid=2626
03-17 16:15:06.201  1702 17621 D PowerManagerService: release:lock=120758482, flg=0x0, tag="RILJ_ACK_WL", name=com.android.phone", ws=null, uid=1001, pid=2626
03-17 16:15:08.055  1702  3694 D PowerManagerService: release:lock=120758482, flg=0x0, tag="RILJ_ACK_WL", name=com.android.phone", ws=null, uid=1001, pid=2626
03-17 16:15:26.531  1702  2639 D ActivityManager: getRecentTasks: topActivity=ComponentInfo{com.tencent.mobileqq/com.tencent.mobileqq.activity.SplashActivity}
03-17 16:15:26.542  1702 17630 D ActivityManager: getRecentTasks: topActivity=ComponentInfo{com.tencent.mobileqq/com.tencent.mobileqq.activity.SplashActivity}
03-17 16:15:26.618  1702 17630 D PowerManagerService: release:lock=189667585, flg=0x0, tag="*launch*", name=android", ws=WorkSource{10057}, uid=1000, pid=1702
03-17 16:15:37.190  1702  8289 D PowerManagerService: release:lock=189667585, flg=0x0, tag="*launch*", name=android", ws=WorkSource{10020}, uid=1000, pid=1702
03-17 16:15:48.241  1702  2556 D PowerManagerService: release:lock=189667585, flg=0x0, tag="*launch*", name=android", ws=WorkSource{10057}, uid=1000, pid=1702
03-17 16:15:49.498  1702  2633 D ActivityManager: getRecentTasks: topActivity=ComponentInfo{com.tencent.mobileqq/com.tencent.mobileqq.activity.SplashActivity}
03-17 16:15:49.508  1702 17621 D ActivityManager: getRecentTasks: topActivity=ComponentInfo{com.tencent.mobileqq/com.tencent.mobileqq.activity.SplashActivity}
03-17 16:15:49.576  1702  2618 D PowerManagerService: release:lock=189667585, flg=0x0, tag="*launch*", name=android", ws=WorkSource{10111}, uid=1000, pid=1702
03-17 16:16:04.460  1702  2633 D ActivityManager: getRecentTasks: topActivity=ComponentInfo{com.tencent.mobileqq/com.tencent.mobileqq.activity.SplashActivity}
03-17 16:16:04.476  1702  3694 D ActivityManager: getRecentTasks: topActivity=ComponentInfo{com.tencent.mobileqq/com.tencent.mobileqq.activity.SplashActivity}
03-17 16:16:04.597  1702  2633 D PowerManagerService: release:lock=189667585, flg=0x0, tag="*launch*", name=android", ws=WorkSource{10057}, uid=1000, pid=1702
---
len=57
03-17 16:13:55.941 30852 30852 V AudioManager: getMode...
---
len=254
03-17 16:13:45.405  2227  2227 I PhoneStatusBar: setSystemUiVisibility vis=508 mask=ffffffff oldVal=40000500 newVal=508 diff=40000008 fullscreenStackVis=0 dockedStackVis=0, fullscreenStackBounds=Rect(0, 0 - 720, 1280), dockedStackBounds=Rect(0, 0 - 0, 0)
03-17 16:13:47.448  2227  2227 I PhoneStatusBar: setSystemUiVisibility vis=508 mask=ffffffff oldVal=40000500 newVal=508 diff=40000008 fullscreenStackVis=0 dockedStackVis=0, fullscreenStackBounds=Rect(0, 0 - 720, 1280), dockedStackBounds=Rect(0, 0 - 0, 0)
03-17 16:15:26.466  2227  2227 I PhoneStatusBar: setSystemUiVisibility vis=708 mask=ffffffff oldVal=40000500 newVal=708 diff=40000208 fullscreenStackVis=0 dockedStackVis=0, fullscreenStackBounds=Rect(0, 0 - 720, 1280), dockedStackBounds=Rect(0, 0 - 0, 0)
03-17 16:15:47.932  2227  2227 I PhoneStatusBar: setSystemUiVisibility vis=708 mask=ffffffff oldVal=40000600 newVal=708 diff=40000108 fullscreenStackVis=0 dockedStackVis=0, fullscreenStackBounds=Rect(0, 0 - 720, 1280), dockedStackBounds=Rect(0, 0 - 0, 0)
03-17 16:16:04.408  2227  2227 I PhoneStatusBar: setSystemUiVisibility vis=708 mask=ffffffff oldVal=40000500 newVal=708 diff=40000208 fullscreenStackVis=0 dockedStackVis=0, fullscreenStackBounds=Rect(0, 0 - 720, 1280), dockedStackBounds=Rect(0, 0 - 0, 0)
---
len=157
03-17 16:13:45.361  1702  3137 D WindowManager: interceptKeyTq keycode=4 interactive=true keyguardActive=false policyFlags=2b000002 down false canceled false
03-17 16:15:25.265  1702  2107 D WindowManager: interceptKeyTq keycode=4 interactive=true keyguardActive=false policyFlags=2b000002 down false canceled false
03-17 16:15:25.549  1702 27357 D WindowManager: interceptKeyTq keycode=4 interactive=true keyguardActive=false policyFlags=2b000002 down false canceled false
03-17 16:15:26.252  1702  2618 D WindowManager: interceptKeyTq keycode=3 interactive=true keyguardActive=false policyFlags=2b000002 down false canceled false
03-17 16:15:47.589  1702  3697 D WindowManager: interceptKeyTq keycode=3 interactive=true keyguardActive=false policyFlags=2b000002 down false canceled false
03-17 16:15:48.694  1702  3693 D WindowManager: interceptKeyTq keycode=3 interactive=true keyguardActive=false policyFlags=2b000002 down false canceled false
03-17 16:16:04.165  1702 10454 D WindowManager: interceptKeyTq keycode=3 interactive=true keyguardActive=false policyFlags=2b000002 down false canceled false
---
len=110
03-17 16:13:39.069  1702  1815 I WindowManager: orientation change is complete, call stopFreezingDisplayLocked
03-17 16:13:45.408  2227  2227 I PhoneStatusBar: notifyUiVisibilityChanged:vis=0x508, SystemUiVisibility=0x508
03-17 16:13:47.449  2227  2227 I PhoneStatusBar: notifyUiVisibilityChanged:vis=0x508, SystemUiVisibility=0x508
03-17 16:15:26.467  2227  2227 I PhoneStatusBar: notifyUiVisibilityChanged:vis=0x708, SystemUiVisibility=0x708
03-17 16:15:47.932  2227  2227 I PhoneStatusBar: notifyUiVisibilityChanged:vis=0x708, SystemUiVisibility=0x708
03-17 16:16:04.409  2227  2227 I PhoneStatusBar: notifyUiVisibilityChanged:vis=0x708, SystemUiVisibility=0x708
---
len=160
03-17 16:13:38.905  1702 10454 D PowerManagerService: release:lock=233570404, flg=0x0, tag="View Lock", name=com.android.systemui", ws=null, uid=10037, pid=2227
---
len=63
03-17 16:13:38.955  2227  2227 I PhoneStatusBar: cancelAutohide
03-17 16:13:45.408  2227  2227 I PhoneStatusBar: cancelAutohide
03-17 16:13:45.627  2227  2227 I PhoneStatusBar: cancelAutohide
03-17 16:13:46.652  2227  2227 I PanelView: onExpandingFinished
03-17 16:13:47.449  2227  2227 I PhoneStatusBar: cancelAutohide
03-17 16:13:47.496  2227  2227 I PanelView: onExpandingFinished
03-17 16:13:47.600  2227  2227 I PhoneStatusBar: cancelAutohide
03-17 16:13:50.107 23650 23685 V AudioManager: isMusicActive...
03-17 16:13:50.662 23650 23689 V AudioManager: isMusicActive...
03-17 16:13:54.754 23650 23689 V AudioManager: isMusicActive...
03-17 16:13:55.804 23650 23689 V AudioManager: isMusicActive...
03-17 16:14:20.108 23650 23685 V AudioManager: isMusicActive...
03-17 16:14:25.816 23650 23689 V AudioManager: isMusicActive...
03-17 16:14:50.111 23650 23685 V AudioManager: isMusicActive...
03-17 16:14:55.819 23650 23689 V AudioManager: isMusicActive...
03-17 16:15:20.118 23650 23685 V AudioManager: isMusicActive...
03-17 16:15:25.821 23650 23689 V AudioManager: isMusicActive...
03-17 16:15:26.467  2227  2227 I PhoneStatusBar: cancelAutohide
03-17 16:15:26.577  2227  2227 I PhoneStatusBar: cancelAutohide
03-17 16:15:33.426 28601 29239 V AudioManager: getRingerMode...
03-17 16:15:37.079  2227  2227 I PhoneStatusBar: cancelAutohide
03-17 16:15:37.178  2227  2227 I PhoneStatusBar: cancelAutohide
03-17 16:15:47.932  2227  2227 I PhoneStatusBar: cancelAutohide
03-17 16:15:48.107  2227  2227 I PhoneStatusBar: cancelAutohide
03-17 16:15:48.612  7111  7111 V AudioManager: getRingerMode...
03-17 16:15:49.465  2227  2227 I PhoneStatusBar: cancelAutohide
03-17 16:15:49.539  2227  2227 I PhoneStatusBar: cancelAutohide
03-17 16:15:50.121 23650 23685 V AudioManager: isMusicActive...
03-17 16:15:55.823 23650 23689 V AudioManager: isMusicActive...
03-17 16:16:04.409  2227  2227 I PhoneStatusBar: cancelAutohide
03-17 16:16:04.541  2227  2227 I PhoneStatusBar: cancelAutohide
03-17 16:16:04.583  7111  7111 V AudioManager: getRingerMode...
---
len=132
03-17 16:13:38.935  1702  3697 W ActivityManager: getRunningAppProcesses: caller 10113 does not hold REAL_GET_TASKS; limiting output
03-17 16:13:46.232  1702  8289 W ActivityManager: getRunningAppProcesses: caller 10113 does not hold REAL_GET_TASKS; limiting output
03-17 16:13:47.638  1702  2618 W ActivityManager: getRunningAppProcesses: caller 10111 does not hold REAL_GET_TASKS; limiting output
03-17 16:13:54.046  1702 17633 W ActivityManager: getRunningAppProcesses: caller 10113 does not hold REAL_GET_TASKS; limiting output
03-17 16:13:54.640  1702  8289 W ActivityManager: getRunningAppProcesses: caller 10113 does not hold REAL_GET_TASKS; limiting output
03-17 16:13:54.676  1702  2107 W ActivityManager: getRunningAppProcesses: caller 10113 does not hold REAL_GET_TASKS; limiting output
03-17 16:13:55.046  1702  2395 W ActivityManager: getRunningAppProcesses: caller 10111 does not hold REAL_GET_TASKS; limiting output
03-17 16:13:55.836  1702 10454 W ActivityManager: getRunningAppProcesses: caller 10091 does not hold REAL_GET_TASKS; limiting output
03-17 16:13:55.838  1702  3137 W ActivityManager: getRunningAppProcesses: caller 10091 does not hold REAL_GET_TASKS; limiting output
03-17 16:13:55.867  1702  3693 W ActivityManager: getRunningAppProcesses: caller 10091 does not hold REAL_GET_TASKS; limiting output
03-17 16:13:55.869  1702 14640 W ActivityManager: getRunningAppProcesses: caller 10091 does not hold REAL_GET_TASKS; limiting output
03-17 16:13:55.875  1702  2250 W ActivityManager: getRunningAppProcesses: caller 10091 does not hold REAL_GET_TASKS; limiting output
03-17 16:13:55.883  1702 27353 W ActivityManager: getRunningAppProcesses: caller 10091 does not hold REAL_GET_TASKS; limiting output
03-17 16:13:55.894  1702  2639 W ActivityManager: getRunningAppProcesses: caller 10091 does not hold REAL_GET_TASKS; limiting output
03-17 16:13:55.896  1702  2113 W ActivityManager: getRunningAppProcesses: caller 10091 does not hold REAL_GET_TASKS; limiting output
03-17 16:13:56.080  1702 17621 W ActivityManager: getRunningAppProcesses: caller 10091 does not hold REAL_GET_TASKS; limiting output
03-17 16:13:56.177  1702  2644 W ActivityManager: getRunningAppProcesses: caller 10113 does not hold REAL_GET_TASKS; limiting output
03-17 16:13:56.261  1702  1737 W ActivityManager: getRunningAppProcesses: caller 10091 does not hold REAL_GET_TASKS; limiting output
03-17 16:14:03.671  1702  2639 W ActivityManager: getRunningAppProcesses: caller 10091 does not hold REAL_GET_TASKS; limiting output
03-17 16:14:03.691  1702 27357 W ActivityManager: getRunningAppProcesses: caller 10091 does not hold REAL_GET_TASKS; limiting output
03-17 16:14:04.310  1702 14638 W ActivityManager: getRunningAppProcesses: caller 10111 does not hold REAL_GET_TASKS; limiting output
03-17 16:14:04.356  1702  2618 W ActivityManager: getRunningAppProcesses: caller 10111 does not hold REAL_GET_TASKS; limiting output
03-17 16:14:05.038  1702  8671 W ActivityManager: getRunningAppProcesses: caller 10111 does not hold REAL_GET_TASKS; limiting output
03-17 16:14:06.784  1702 17633 W ActivityManager: getRunningAppProcesses: caller 10111 does not hold REAL_GET_TASKS; limiting output
03-17 16:14:16.451  1702  2395 W ActivityManager: getRunningAppProcesses: caller 10113 does not hold REAL_GET_TASKS; limiting output
03-17 16:14:17.957  1702  2556 W ActivityManager: getRunningAppProcesses: caller 10113 does not hold REAL_GET_TASKS; limiting output
03-17 16:14:24.640  1702 27357 W ActivityManager: getRunningAppProcesses: caller 10113 does not hold REAL_GET_TASKS; limiting output
03-17 16:14:25.046  1702  2250 W ActivityManager: getRunningAppProcesses: caller 10111 does not hold REAL_GET_TASKS; limiting output
03-17 16:14:33.691  1702 27357 W ActivityManager: getRunningAppProcesses: caller 10091 does not hold REAL_GET_TASKS; limiting output
03-17 16:14:38.301  1702 27353 W ActivityManager: getRunningAppProcesses: caller 10113 does not hold REAL_GET_TASKS; limiting output
03-17 16:14:39.811  1702 14640 W ActivityManager: getRunningAppProcesses: caller 10113 does not hold REAL_GET_TASKS; limiting output
03-17 16:14:42.814  1702  8303 W ActivityManager: getRunningAppProcesses: caller 10111 does not hold REAL_GET_TASKS; limiting output
---
len=78
03-17 16:13:41.614  1702  1820 I DisplayPowerController: HBM brightnessOut =38
03-17 16:13:47.091  2227  2227 V AudioManager: playSoundEffect   effectType: 0
03-17 16:13:48.553  1702  1820 I DisplayPowerController: HBM brightnessOut =38
03-17 16:13:51.866  1702  1820 I DisplayPowerController: HBM brightnessOut =38
03-17 16:13:55.173  1702  1820 I DisplayPowerController: HBM brightnessOut =38
03-17 16:13:58.485  1702  1820 I DisplayPowerController: HBM brightnessOut =38
03-17 16:14:03.294  1702  1820 I DisplayPowerController: HBM brightnessOut =38
03-17 16:14:04.307 28601 28601 V AudioManager: playSoundEffect   effectType: 0
03-17 16:14:06.010  1702  1820 I DisplayPowerController: HBM brightnessOut =38
03-17 16:14:06.311  1702  1820 I DisplayPowerController: HBM brightnessOut =38
03-17 16:14:06.613  1702  1820 I DisplayPowerController: HBM brightnessOut =38
03-17 16:14:06.916  1702  1820 I DisplayPowerController: HBM brightnessOut =38
03-17 16:14:09.920  1702  1820 I DisplayPowerController: HBM brightnessOut =38
03-17 16:14:12.931  1702  1820 I DisplayPowerController: HBM brightnessOut =38
03-17 16:14:15.942  1702  1820 I DisplayPowerController: HBM brightnessOut =38
03-17 16:14:19.248  1702  1820 I DisplayPowerController: HBM brightnessOut =38
03-17 16:14:19.550  1702  1820 I DisplayPowerController: HBM brightnessOut =38
03-17 16:14:22.502 28601 28601 V AudioManager: playSoundEffect   effectType: 0
03-17 16:14:23.458  1702  1820 I DisplayPowerController: HBM brightnessOut =38
03-17 16:14:29.484  1702  1820 I DisplayPowerController: HBM brightnessOut =38
03-17 16:14:32.795  1702  1820 I DisplayPowerController: HBM brightnessOut =38
03-17 16:14:33.096  1702  1820 I DisplayPowerController: HBM brightnessOut =38
03-17 16:14:36.105  1702  1820 I DisplayPowerController: HBM brightnessOut =38
03-17 16:14:36.708  1702  1820 I DisplayPowerController: HBM brightnessOut =38
03-17 16:14:37.011  1702  1820 I DisplayPowerController: HBM brightnessOut =38
03-17 16:14:37.312  1702  1820 I DisplayPowerController: HBM brightnessOut =38
03-17 16:14:42.729  1702  1820 I DisplayPowerController: HBM brightnessOut =38
03-17 16:14:43.030  1702  1820 I DisplayPowerController: HBM brightnessOut =38
03-17 16:14:47.846  1702  1820 I DisplayPowerController: HBM brightnessOut =38
03-17 16:14:53.261  1702  1820 I DisplayPowerController: HBM brightnessOut =38
03-17 16:14:56.571  1702  1820 I DisplayPowerController: HBM brightnessOut =38
03-17 16:14:56.872  1702  1820 I DisplayPowerController: HBM brightnessOut =38
---
len=79
03-17 16:13:38.881  2227  2227 D TextView: visible is system.message.count gt 0
03-17 16:16:02.899  1702  2121 D WifiController: ApStaDisabledState what=155652
03-17 16:16:02.899  1702  2121 D WifiController: battery changed pluggedType: 0
---
len=150
03-17 16:13:39.080  1702  1815 D PowerManagerService: release:lock=226887582, flg=0x0, tag="SCREEN_FROZEN", name=android", ws=null, uid=1000, pid=1702
---
len=103
03-17 16:13:38.928  2227  2227 I StackScrollAlgorithm: updateDimmedActivatedHideSensitive overlap:false
03-17 16:13:46.370  2227  2227 I StackScrollAlgorithm: updateDimmedActivatedHideSensitive overlap:false
03-17 16:13:46.389  2227  2227 I StackScrollAlgorithm: updateDimmedActivatedHideSensitive overlap:false
03-17 16:13:46.403  2227  2227 I StackScrollAlgorithm: updateDimmedActivatedHideSensitive overlap:false
03-17 16:13:46.417  2227  2227 I StackScrollAlgorithm: updateDimmedActivatedHideSensitive overlap:false
03-17 16:13:46.435  2227  2227 I StackScrollAlgorithm: updateDimmedActivatedHideSensitive overlap:false
03-17 16:13:46.451  2227  2227 I StackScrollAlgorithm: updateDimmedActivatedHideSensitive overlap:false
03-17 16:13:46.468  2227  2227 I StackScrollAlgorithm: updateDimmedActivatedHideSensitive overlap:false
03-17 16:13:46.486  2227  2227 I StackScrollAlgorithm: updateDimmedActivatedHideSensitive overlap:false
03-17 16:13:46.502  2227  2227 I StackScrollAlgorithm: updateDimmedActivatedHideSensitive overlap:false
03-17 16:13:46.518  2227  2227 I StackScrollAlgorithm: updateDimmedActivatedHideSensitive overlap:false
03-17 16:13:46.535  2227  2227 I StackScrollAlgorithm: updateDimmedActivatedHideSensitive overlap:false
03-17 16:13:46.551  2227  2227 I StackScrollAlgorithm: updateDimmedActivatedHideSensitive overlap:false
03-17 16:13:46.568  2227  2227 I StackScrollAlgorithm: updateDimmedActivatedHideSensitive overlap:false
03-17 16:13:46.586  2227  2227 I StackScrollAlgorithm: updateDimmedActivatedHideSensitive overlap:false
03-17 16:13:46.602  2227  2227 I StackScrollAlgorithm: updateDimmedActivatedHideSensitive overlap:false
03-17 16:13:46.619  2227  2227 I StackScrollAlgorithm: updateDimmedActivatedHideSensitive overlap:false
03-17 16:13:46.635  2227  2227 I StackScrollAlgorithm: updateDimmedActivatedHideSensitive overlap:false
03-17 16:13:46.653  2227  2227 I StackScrollAlgorithm: updateDimmedActivatedHideSensitive overlap:false
03-17 16:13:47.038  2227  2227 I StackScrollAlgorithm: updateDimmedActivatedHideSensitive overlap:false
03-17 16:13:47.254  2227  2227 I StackScrollAlgorithm: updateDimmedActivatedHideSensitive overlap:false
03-17 16:13:47.270  2227  2227 I StackScrollAlgorithm: updateDimmedActivatedHideSensitive overlap:false
03-17 16:13:47.287  2227  2227 I StackScrollAlgorithm: updateDimmedActivatedHideSensitive overlap:false
03-17 16:13:47.305  2227  2227 I StackScrollAlgorithm: updateDimmedActivatedHideSensitive overlap:false
03-17 16:13:47.321  2227  2227 I StackScrollAlgorithm: updateDimmedActivatedHideSensitive overlap:false
03-17 16:13:47.338  2227  2227 I StackScrollAlgorithm: updateDimmedActivatedHideSensitive overlap:false
03-17 16:13:47.357  2227  2227 I StackScrollAlgorithm: updateDimmedActivatedHideSensitive overlap:false
03-17 16:13:47.371  2227  2227 I StackScrollAlgorithm: updateDimmedActivatedHideSensitive overlap:false
03-17 16:13:47.397  2227  2227 I StackScrollAlgorithm: updateDimmedActivatedHideSensitive overlap:false
03-17 16:13:47.409  2227  2227 I StackScrollAlgorithm: updateDimmedActivatedHideSensitive overlap:false
03-17 16:13:47.499  2227  2227 I StackScrollAlgorithm: updateDimmedActivatedHideSensitive overlap:false
03-17 16:13:47.713  2227  2227 I StackScrollAlgorithm: updateDimmedActivatedHideSensitive overlap:false
---
len=620
03-17 16:13:39.006  1702  2639 I WindowManager: Destroying surface Surface(name=com.tencent.qt.qtl/com.tencent.video.player.activity.PlayerActivity) called by com.android.server.wm.WindowStateAnimator.destroySurface:2060 com.android.server.wm.WindowStateAnimator.destroySurfaceLocked:913 com.android.server.wm.WindowState.destroyOrSaveSurface:2201 com.android.server.wm.WindowManagerService.tryStartExitingAnimation:3299 com.android.server.wm.WindowManagerService.relayoutWindow:3179 com.android.server.wm.Session.relayout:215 android.view.IWindowSession$Stub.onTransact:286 com.android.server.wm.Session.onTransact:136 
---
len=163
03-17 16:13:45.466  1702 17632 W ActivityManager: java.lang.ClassCastException: android.os.BinderProxy cannot be cast to com.android.server.am.ActivityRecord$Token
---
len=657
03-17 16:13:48.032  1702  2639 I WindowManager: Destroying surface Surface(name=com.tencent.qt.qtl/com.tencent.qt.qtl.activity.main.MainTabActivity) called by com.android.server.wm.WindowStateAnimator.destroySurface:2060 com.android.server.wm.WindowStateAnimator.destroySurfaceLocked:913 com.android.server.wm.WindowState.destroyOrSaveSurface:2201 com.android.server.wm.AppWindowToken.destroySurfaces:374 com.android.server.wm.AppWindowToken.notifyAppStopped:400 com.android.server.wm.WindowManagerService.notifyAppStopped:4869 com.android.server.am.ActivityStack.activityStoppedLocked:1393 com.android.server.am.ActivityManagerService.activityStopped:7690 
---
len=66
03-17 16:13:39.079  1702  1815 D WindowManager: startAnimation end
03-17 16:13:47.450  2227  2227 V PhoneStatusBar: setLightsOn(true)
03-17 16:13:47.598  2227  2227 V PhoneStatusBar: setLightsOn(true)
03-17 16:13:47.735  2227  2227 V PhoneStatusBar: setLightsOn(true)
03-17 16:13:47.810  2227  2227 V PhoneStatusBar: setLightsOn(true)
03-17 16:13:47.931  2227  2227 V PhoneStatusBar: setLightsOn(true)
03-17 16:13:47.943  2227  2227 V PhoneStatusBar: setLightsOn(true)
03-17 16:13:48.019  2227  2227 V PhoneStatusBar: setLightsOn(true)
03-17 16:13:55.813 28601 28601 V AudioManager: isBluetoothScoOn...
03-17 16:14:01.964  2227  2227 V PhoneStatusBar: setLightsOn(true)
03-17 16:14:01.978  2227  2227 V PhoneStatusBar: setLightsOn(true)
03-17 16:14:02.045  2227  2227 V PhoneStatusBar: setLightsOn(true)
03-17 16:14:02.056  2227  2227 V PhoneStatusBar: setLightsOn(true)
03-17 16:14:02.066  2227  2227 V PhoneStatusBar: setLightsOn(true)
03-17 16:14:02.080  2227  2227 V PhoneStatusBar: setLightsOn(true)
03-17 16:14:02.090  2227  2227 V PhoneStatusBar: setLightsOn(true)
03-17 16:14:02.107  2227  2227 V PhoneStatusBar: setLightsOn(true)
03-17 16:14:02.121  2227  2227 V PhoneStatusBar: setLightsOn(true)
03-17 16:14:02.136  2227  2227 V PhoneStatusBar: setLightsOn(true)
03-17 16:14:02.147  2227  2227 V PhoneStatusBar: setLightsOn(true)
03-17 16:14:02.155  2227  2227 V PhoneStatusBar: setLightsOn(true)
03-17 16:14:02.164  2227  2227 V PhoneStatusBar: setLightsOn(true)
03-17 16:14:02.181  2227  2227 V PhoneStatusBar: setLightsOn(true)
03-17 16:14:02.195  2227  2227 V PhoneStatusBar: setLightsOn(true)
03-17 16:14:02.213  2227  2227 V PhoneStatusBar: setLightsOn(true)
03-17 16:14:02.765  2227  2227 V PhoneStatusBar: setLightsOn(true)
03-17 16:14:02.781  2227  2227 V PhoneStatusBar: setLightsOn(true)
03-17 16:14:02.818  2227  2227 V PhoneStatusBar: setLightsOn(true)
03-17 16:14:02.833  2227  2227 V PhoneStatusBar: setLightsOn(true)
03-17 16:14:02.913  2227  2227 V PhoneStatusBar: setLightsOn(true)
03-17 16:14:02.932  2227  2227 V PhoneStatusBar: setLightsOn(true)
03-17 16:14:03.115  2227  2227 V PhoneStatusBar: setLightsOn(true)
---
len=119
03-17 16:13:39.207  1702  1815 I WindowManager: rotationForOrientationLw(orient=1, last=0); user=0 USER_ROTATION_LOCKED
03-17 16:15:47.746  1702 17621 I WindowManager: rotationForOrientationLw(orient=1, last=0); user=0 USER_ROTATION_LOCKED
---
len=169
03-17 16:13:39.095  1702  8671 I AlarmManager: remove(PendingIntent{19abed0: PendingIntentRecord{a485420 com.tencent.qt.qtl broadcastIntent}}) changed bounds; rebatching
---
len=72
03-17 16:13:38.869  2227  2227 D TextView: visible is system.charge.show
03-17 16:13:45.358  2227  2227 I PhoneStatusBar: resumeSuspendedAutohide
03-17 16:13:47.602  2227  2227 I PhoneStatusBar: resumeSuspendedAutohide
03-17 16:13:55.948 30852 30852 I AudioManager: setSpeakerphoneOn on:true
03-17 16:14:00.050  2227  2227 D KeyguardUpdateMonitor: handleTimeUpdate
03-17 16:15:00.064  2227  2227 D KeyguardUpdateMonitor: handleTimeUpdate
03-17 16:15:25.262  2227  2227 I PhoneStatusBar: resumeSuspendedAutohide
03-17 16:15:25.547  2227  2227 I PhoneStatusBar: resumeSuspendedAutohide
03-17 16:15:26.248  2227  2227 I PhoneStatusBar: resumeSuspendedAutohide
03-17 16:15:39.600  2227  2227 I PhoneStatusBar: resumeSuspendedAutohide
03-17 16:15:47.585  2227  2227 I PhoneStatusBar: resumeSuspendedAutohide
03-17 16:15:48.689  2227  2227 I PhoneStatusBar: resumeSuspendedAutohide
03-17 16:16:00.061  2227  2227 D KeyguardUpdateMonitor: handleTimeUpdate
03-17 16:16:04.161  2227  2227 I PhoneStatusBar: resumeSuspendedAutohide
03-17 16:16:06.785  2227  2227 I PhoneStatusBar: resumeSuspendedAutohide
---
len=120
03-17 16:13:38.955  2227  2227 I PhoneStatusBar: notifyUiVisibilityChanged:vis=0x40000500, SystemUiVisibility=0x40000500
03-17 16:13:45.627  2227  2227 I PhoneStatusBar: notifyUiVisibilityChanged:vis=0x40000500, SystemUiVisibility=0x40000500
03-17 16:13:46.240  2227  2227 I PhoneStatusBar: notifyUiVisibilityChanged:vis=0x40000600, SystemUiVisibility=0x40000600
03-17 16:13:47.124  2227  2227 I PhoneStatusBar: notifyUiVisibilityChanged:vis=0x40000500, SystemUiVisibility=0x40000500
03-17 16:13:47.600  2227  2227 I PhoneStatusBar: notifyUiVisibilityChanged:vis=0x40000500, SystemUiVisibility=0x40000500
03-17 16:13:55.940  1702  2639 I DisplayManagerService: stopWifiDisplayScanLocked record.mWifiDisplayScanRequested=false
03-17 16:14:27.161  1702 17632 I DisplayManagerService: stopWifiDisplayScanLocked record.mWifiDisplayScanRequested=false
03-17 16:14:27.169  1702  2618 I DisplayManagerService: stopWifiDisplayScanLocked record.mWifiDisplayScanRequested=false
03-17 16:14:27.181  1702  3694 I DisplayManagerService: stopWifiDisplayScanLocked record.mWifiDisplayScanRequested=false
03-17 16:15:19.986  1702  3693 I DisplayManagerService: stopWifiDisplayScanLocked record.mWifiDisplayScanRequested=false
03-17 16:15:26.577  2227  2227 I PhoneStatusBar: notifyUiVisibilityChanged:vis=0xc0000700, SystemUiVisibility=0xc0000700
03-17 16:15:27.828  1702  2107 I DisplayManagerService: stopWifiDisplayScanLocked record.mWifiDisplayScanRequested=false
03-17 16:15:33.530  1702  2113 I NotificationManager: Marking notification as seen 0|com.tencent.mobileqq|121|null|10111
03-17 16:15:37.011  1702  8303 I WindowManager: rotationForOrientationLw(orient=-1, last=0); user=0 USER_ROTATION_LOCKED
03-17 16:15:37.079  2227  2227 I PhoneStatusBar: notifyUiVisibilityChanged:vis=0x80000608, SystemUiVisibility=0x80000608
03-17 16:15:37.178  2227  2227 I PhoneStatusBar: notifyUiVisibilityChanged:vis=0x40000600, SystemUiVisibility=0x40000600
03-17 16:15:47.410  2227  2227 I PhoneStatusBar: notifyUiVisibilityChanged:vis=0x40000000, SystemUiVisibility=0x40000000
03-17 16:15:47.425  2227  2227 I PhoneStatusBar: notifyUiVisibilityChanged:vis=0x40000600, SystemUiVisibility=0x40000600
03-17 16:15:48.107  2227  2227 I PhoneStatusBar: notifyUiVisibilityChanged:vis=0xc0000700, SystemUiVisibility=0xc0000700
03-17 16:15:49.465  2227  2227 I PhoneStatusBar: notifyUiVisibilityChanged:vis=0x80000508, SystemUiVisibility=0x80000508
03-17 16:15:49.539  2227  2227 I PhoneStatusBar: notifyUiVisibilityChanged:vis=0x40000500, SystemUiVisibility=0x40000500
03-17 16:16:04.541  2227  2227 I PhoneStatusBar: notifyUiVisibilityChanged:vis=0xc0000700, SystemUiVisibility=0xc0000700
---
len=171
03-17 16:13:39.070  1702  1815 I WindowManager: Screen frozen for +1s0ms due to Window{ca98d5 u0 com.tencent.qt.qtl/com.tencent.qt.qtl.activity.info.NewsDetailXmlActivity}
---
len=74
03-17 16:13:38.859  2227  2227 D TextView: visible is system.time.showampm
03-17 16:13:45.362  2227  2318 V AudioManager: querySoundEffectsEnabled...
03-17 16:13:47.091  2227  2227 V AudioManager: querySoundEffectsEnabled...
03-17 16:13:55.944 30852 30852 V AudioManager: setSpeakerphoneOn  on: true
03-17 16:14:04.307 28601 28601 V AudioManager: querySoundEffectsEnabled...
03-17 16:14:22.502 28601 28601 V AudioManager: querySoundEffectsEnabled...
03-17 16:15:25.266  2227  2318 V AudioManager: querySoundEffectsEnabled...
03-17 16:15:25.550  2227  2318 V AudioManager: querySoundEffectsEnabled...
03-17 16:15:26.253  2227  2318 V AudioManager: querySoundEffectsEnabled...
03-17 16:15:36.912  3714  3714 V AudioManager: querySoundEffectsEnabled...
03-17 16:15:46.398 19609 19609 V AudioManager: querySoundEffectsEnabled...
03-17 16:15:47.590  2227  2318 V AudioManager: querySoundEffectsEnabled...
03-17 16:15:48.698  2227  2318 V AudioManager: querySoundEffectsEnabled...
03-17 16:15:49.206  3714  3714 V AudioManager: querySoundEffectsEnabled...
03-17 16:15:50.485 28601 28601 V AudioManager: querySoundEffectsEnabled...
03-17 16:16:00.233 28601 28601 V AudioManager: querySoundEffectsEnabled...
03-17 16:16:01.530 28601 28601 V AudioManager: querySoundEffectsEnabled...
03-17 16:16:04.165  2227  2318 V AudioManager: querySoundEffectsEnabled...
03-17 16:16:06.746  2227  2227 V AudioManager: querySoundEffectsEnabled...
---
len=75
03-17 16:13:38.887  2227  2227 D TextView: visible is system.ownerinfo.show
03-17 16:13:47.496  2227  2227 I PhoneStatusBar: removeNotificationChildren
03-17 16:13:47.498  2227  2227 I PhoneStatusBar: removeNotificationChildren
03-17 16:15:33.529  2227  2227 I PhoneStatusBar: removeNotificationChildren
03-17 16:15:33.530  2227  2227 I PhoneStatusBar: removeNotificationChildren
03-17 16:15:39.228  2227  2227 I PhoneStatusBar: removeNotificationChildren
03-17 16:15:39.553  2227  2227 I PhoneStatusBar: removeNotificationChildren
03-17 16:15:49.568  2227  2227 I PhoneStatusBar: removeNotificationChildren
03-17 16:16:02.899  2227  2227 D KeyguardUpdateMonitor: handleBatteryUpdate
03-17 16:16:04.772  2227  2227 I PhoneStatusBar: removeNotificationChildren
03-17 16:16:04.774  2227  2227 I PhoneStatusBar: removeNotificationChildren
03-17 16:16:06.756  2227  2227 I PhoneStatusBar: removeNotificationChildren
03-17 16:16:06.762  2227  2227 I PhoneStatusBar: removeNotificationChildren
03-17 16:16:06.783  2227  2227 I PhoneStatusBar: removeNotificationChildren
---
len=77
03-17 16:13:41.614  1702  1820 I DisplayPowerController: HBM brightnessIn =38
03-17 16:13:46.398  2227  2227 I PanelView: onTouchEvent::1, x=296.0, y=327.0
03-17 16:13:48.552  1702  1820 I DisplayPowerController: HBM brightnessIn =38
03-17 16:13:51.865  1702  1820 I DisplayPowerController: HBM brightnessIn =38
03-17 16:13:55.172  1702  1820 I DisplayPowerController: HBM brightnessIn =38
03-17 16:13:58.485  1702  1820 I DisplayPowerController: HBM brightnessIn =38
03-17 16:14:03.294  1702  1820 I DisplayPowerController: HBM brightnessIn =38
03-17 16:14:06.010  1702  1820 I DisplayPowerController: HBM brightnessIn =38
03-17 16:14:06.311  1702  1820 I DisplayPowerController: HBM brightnessIn =38
03-17 16:14:06.612  1702  1820 I DisplayPowerController: HBM brightnessIn =38
03-17 16:14:06.916  1702  1820 I DisplayPowerController: HBM brightnessIn =38
03-17 16:14:09.920  1702  1820 I DisplayPowerController: HBM brightnessIn =38
03-17 16:14:12.930  1702  1820 I DisplayPowerController: HBM brightnessIn =38
03-17 16:14:15.941  1702  1820 I DisplayPowerController: HBM brightnessIn =38
03-17 16:14:19.248  1702  1820 I DisplayPowerController: HBM brightnessIn =38
03-17 16:14:19.550  1702  1820 I DisplayPowerController: HBM brightnessIn =38
03-17 16:14:23.457  1702  1820 I DisplayPowerController: HBM brightnessIn =38
03-17 16:14:29.484  1702  1820 I DisplayPowerController: HBM brightnessIn =38
03-17 16:14:32.794  1702  1820 I DisplayPowerController: HBM brightnessIn =38
03-17 16:14:33.096  1702  1820 I DisplayPowerController: HBM brightnessIn =38
03-17 16:14:36.105  1702  1820 I DisplayPowerController: HBM brightnessIn =38
03-17 16:14:36.708  1702  1820 I DisplayPowerController: HBM brightnessIn =38
03-17 16:14:37.010  1702  1820 I DisplayPowerController: HBM brightnessIn =38
03-17 16:14:37.312  1702  1820 I DisplayPowerController: HBM brightnessIn =38
03-17 16:14:42.729  1702  1820 I DisplayPowerController: HBM brightnessIn =38
03-17 16:14:43.030  1702  1820 I DisplayPowerController: HBM brightnessIn =38
03-17 16:14:47.846  1702  1820 I DisplayPowerController: HBM brightnessIn =38
03-17 16:14:53.261  1702  1820 I DisplayPowerController: HBM brightnessIn =38
03-17 16:14:56.571  1702  1820 I DisplayPowerController: HBM brightnessIn =38
03-17 16:14:56.872  1702  1820 I DisplayPowerController: HBM brightnessIn =38
03-17 16:15:02.896  1702  1820 I DisplayPowerController: HBM brightnessIn =38
03-17 16:15:06.807  1702  1820 I DisplayPowerController: HBM brightnessIn =38
---
len=218
03-17 16:13:38.839  1702  2113 V WindowManager: Skipping AppWindowToken{df0798e token=Token{78af589 ActivityRecord{3b04890 u0 com.tencent.qt.qtl/com.tencent.video.player.activity.PlayerActivity t761}}} -- going to hide
03-17 16:13:38.915  1702  3693 V WindowManager: Skipping AppWindowToken{df0798e token=Token{78af589 ActivityRecord{3b04890 u0 com.tencent.qt.qtl/com.tencent.video.player.activity.PlayerActivity t761}}} -- going to hide
---
len=228
03-17 16:13:47.450  2227  2227 I PhoneStatusBar: setSystemUiVisibility vis=0 mask=1 oldVal=508 newVal=508 diff=0 fullscreenStackVis=0 dockedStackVis=0, fullscreenStackBounds=Rect(0, 0 - 0, 0), dockedStackBounds=Rect(0, 0 - 0, 0)
03-17 16:13:47.599  2227  2227 I PhoneStatusBar: setSystemUiVisibility vis=0 mask=1 oldVal=508 newVal=508 diff=0 fullscreenStackVis=0 dockedStackVis=0, fullscreenStackBounds=Rect(0, 0 - 0, 0), dockedStackBounds=Rect(0, 0 - 0, 0)
---
len=131
03-17 16:13:39.011  1702  2639 D PowerManagerService: userActivityNoUpdateLocked: eventTime=261843648, event=0, flags=0x1, uid=1000
03-17 16:13:45.307  1702  2105 D PowerManagerService: userActivityNoUpdateLocked: eventTime=261849942, event=2, flags=0x0, uid=1000
03-17 16:13:45.317  1702  2105 D PowerManagerService: userActivityNoUpdateLocked: eventTime=261849949, event=1, flags=0x0, uid=1000
