len=102
Dec 10 10:14:13 LabSZ sshd[24833]: Disconnecting: Too many authentication failures for admin [preauth]
---
len=144
Dec 10 10:04:52 LabSZ sshd[24809]: pam_unix(sshd:auth): authentication failure; logname= uid=0 euid=0 tty=ssh ruser= rhost=60.2.12.12  user=root
Dec 10 10:04:54 LabSZ sshd[24811]: pam_unix(sshd:auth): authentication failure; logname= uid=0 euid=0 tty=ssh ruser= rhost=60.2.12.12  user=root
Dec 10 10:05:00 LabSZ sshd[24813]: pam_unix(sshd:auth): authentication failure; logname= uid=0 euid=0 tty=ssh ruser= rhost=60.2.12.12  user=root
Dec 10 10:05:08 LabSZ sshd[24815]: pam_unix(sshd:auth): authentication failure; logname= uid=0 euid=0 tty=ssh ruser= rhost=60.2.12.12  user=root
Dec 10 10:05:19 LabSZ sshd[24817]: pam_unix(sshd:auth): authentication failure; logname= uid=0 euid=0 tty=ssh ruser= rhost=60.2.12.12  user=root
---
len=100
Dec 10 09:45:06 LabSZ sshd[24761]: Received disconnect from 119.137.62.142: 11: disconnected by user
---
len=150
Dec 10 09:19:20 LabSZ sshd[24659]: pam_unix(sshd:auth): authentication failure; logname= uid=0 euid=0 tty=ssh ruser= rhost=187.141.143.180  user=mysql
Dec 10 09:19:26 LabSZ sshd[24661]: pam_unix(sshd:auth): authentication failure; logname= uid=0 euid=0 tty=ssh ruser= rhost=187.141.143.180  user=mysql
---
len=114
Dec 10 09:19:00 LabSZ sshd[24651]: Failed password for invalid user postgres1 from 187.141.143.180 port 45073 ssh2
---
len=116
Dec 10 09:18:30 LabSZ sshd[24637]: Received disconnect from 103.207.39.16: 11: Closed due to user request. [preauth]
Dec 10 09:18:33 LabSZ sshd[24639]: Received disconnect from 103.207.39.16: 11: Closed due to user request. [preauth]
Dec 10 09:18:35 LabSZ sshd[24643]: Received disconnect from 103.207.39.16: 11: Closed due to user request. [preauth]
---
len=137
Dec 10 09:18:28 LabSZ sshd[24637]: pam_unix(sshd:auth): authentication failure; logname= uid=0 euid=0 tty=ssh ruser= rhost=103.207.39.16 
Dec 10 09:18:33 LabSZ sshd[24643]: pam_unix(sshd:auth): authentication failure; logname= uid=0 euid=0 tty=ssh ruser= rhost=103.207.39.16 
---
len=112
Dec 10 09:12:40 LabSZ sshd[24497]: Failed password for invalid user Management from 103.99.0.122 port 55028 ssh2
Dec 10 09:18:54 LabSZ sshd[24649]: Failed password for invalid user nagios1 from 187.141.143.180 port 43647 ssh2
Dec 10 10:54:29 LabSZ sshd[24868]: Failed password for invalid user zhangyan from 183.62.140.253 port 33521 ssh2
---
len=76
Dec 10 09:12:38 LabSZ sshd[24497]: Invalid user Management from 103.99.0.122
Dec 10 09:18:52 LabSZ sshd[24649]: Invalid user nagios1 from 187.141.143.180
Dec 10 10:05:22 LabSZ sshd[24817]: Connection closed by 60.2.12.12 [preauth]
Dec 10 10:54:27 LabSZ sshd[24868]: Invalid user zhangyan from 183.62.140.253
---
len=104
Dec 10 09:12:35 LabSZ sshd[24492]: Failed password for invalid user pi from 103.99.0.122 port 49289 ssh2
---
len=84
Dec 10 09:12:33 LabSZ sshd[24492]: input_userauth_request: invalid user pi [preauth]
---
len=128
Dec 10 09:12:27 LabSZ sshd[24455]: PAM 1 more authentication failure; logname= uid=0 euid=0 tty=ssh ruser= rhost=185.190.58.151 
---
len=141
Dec 10 11:04:10 LabSZ sshd[25484]: error: Received disconnect from 103.99.0.122: 14: No more user authentication methods available. [preauth]
Dec 10 11:04:15 LabSZ sshd[25492]: error: Received disconnect from 103.99.0.122: 14: No more user authentication methods available. [preauth]
Dec 10 11:04:18 LabSZ sshd[25499]: error: Received disconnect from 103.99.0.122: 14: No more user authentication methods available. [preauth]
Dec 10 11:04:23 LabSZ sshd[25505]: error: Received disconnect from 103.99.0.122: 14: No more user authentication methods available. [preauth]
Dec 10 11:04:28 LabSZ sshd[25513]: error: Received disconnect from 103.99.0.122: 14: No more user authentication methods available. [preauth]
Dec 10 11:04:33 LabSZ sshd[25521]: error: Received disconnect from 103.99.0.122: 14: No more user authentication methods available. [preauth]
Dec 10 11:04:37 LabSZ sshd[25527]: error: Received disconnect from 103.99.0.122: 14: No more user authentication methods available. [preauth]
Dec 10 11:04:41 LabSZ sshd[25534]: error: Received disconnect from 103.99.0.122: 14: No more user authentication methods available. [preauth]
---
len=129
Dec 10 09:08:59 LabSZ sshd[24419]: PAM 2 more authentication failures; logname= uid=0 euid=0 tty=ssh ruser= rhost=185.190.58.151 
Dec 10 09:10:32 LabSZ sshd[24421]: PAM 4 more authentication failures; logname= uid=0 euid=0 tty=ssh ruser= rhost=185.190.58.151 
Dec 10 09:11:41 LabSZ sshd[24437]: PAM 4 more authentication failures; logname= uid=0 euid=0 tty=ssh ruser= rhost=185.190.58.151 
---
len=85
Dec 10 09:12:57 LabSZ sshd[24487]: input_userauth_request: invalid user api [preauth]
Dec 10 09:17:36 LabSZ sshd[24616]: input_userauth_request: invalid user www [preauth]
Dec 10 09:17:41 LabSZ sshd[24618]: input_userauth_request: invalid user abc [preauth]
Dec 10 09:17:46 LabSZ sshd[24620]: input_userauth_request: invalid user ted [preauth]
Dec 10 09:17:52 LabSZ sshd[24622]: input_userauth_request: invalid user vnc [preauth]
Dec 10 09:19:54 LabSZ sshd[24671]: input_userauth_request: invalid user jay [preauth]
Dec 10 10:54:29 LabSZ sshd[24870]: input_userauth_request: invalid user dff [preauth]
Dec 10 10:55:54 LabSZ sshd[24964]: input_userauth_request: invalid user 123 [preauth]
---
len=69
Dec 10 09:07:23 LabSZ sshd[24415]: Invalid user 0 from 185.190.58.151
---
len=121
Dec 10 08:39:59 LabSZ sshd[24408]: message repeated 5 times: [ Failed password for root from 106.5.5.195 port 50719 ssh2]
---
len=90
Dec 10 08:26:40 LabSZ sshd[24383]: Did not receive identification string from 5.188.10.180
Dec 10 09:12:06 LabSZ sshd[24473]: input_userauth_request: invalid user operator [preauth]
Dec 10 09:12:35 LabSZ sshd[24494]: input_userauth_request: invalid user PlcmSpIp [preauth]
Dec 10 09:17:26 LabSZ sshd[24612]: input_userauth_request: invalid user postgres [preauth]
Dec 10 09:48:32 LabSZ sshd[24808]: Did not receive identification string from 181.214.87.4
Dec 10 10:54:27 LabSZ sshd[24868]: input_userauth_request: invalid user zhangyan [preauth]
Dec 10 11:03:53 LabSZ sshd[25457]: fatal: Write failed: Connection reset by peer [preauth]
---
len=145
Dec 10 08:26:09 LabSZ sshd[24377]: pam_unix(sshd:auth): authentication failure; logname= uid=0 euid=0 tty=ssh ruser= rhost=5.188.10.180  user=ftp
Dec 10 08:39:47 LabSZ sshd[24408]: pam_unix(sshd:auth): authentication failure; logname= uid=0 euid=0 tty=ssh ruser= rhost=106.5.5.195  user=root
Dec 10 09:12:24 LabSZ sshd[24485]: pam_unix(sshd:auth): authentication failure; logname= uid=0 euid=0 tty=ssh ruser= rhost=103.99.0.122  user=ftp
---
len=126
Dec 10 08:26:04 LabSZ sshd[24375]: PAM 1 more authentication failure; logname= uid=0 euid=0 tty=ssh ruser= rhost=5.188.10.180 
---
len=127
Dec 10 08:25:22 LabSZ sshd[24369]: PAM 4 more authentication failures; logname= uid=0 euid=0 tty=ssh ruser= rhost=5.188.10.180 
Dec 10 08:25:41 LabSZ sshd[24371]: PAM 4 more authentication failures; logname= uid=0 euid=0 tty=ssh ruser= rhost=5.188.10.180 
Dec 10 10:14:13 LabSZ sshd[24833]: PAM 5 more authentication failures; logname= uid=0 euid=0 tty=ssh ruser= rhost=119.4.203.64 
---
len=103
Dec 10 08:24:45 LabSZ sshd[24363]: Failed password for invalid user 0 from 5.188.10.180 port 49811 ssh2
Dec 10 08:24:58 LabSZ sshd[24367]: Failed none for invalid user admin from 5.188.10.180 port 52631 ssh2
---
len=83
Dec 10 08:24:40 LabSZ sshd[24363]: input_userauth_request: invalid user 0 [preauth]
Dec 10 09:07:23 LabSZ sshd[24415]: input_userauth_request: invalid user 0 [preauth]
Dec 10 09:48:23 LabSZ sshd[24806]: input_userauth_request: invalid user 0 [preauth]
---
len=67
Dec 10 08:24:40 LabSZ sshd[24363]: Invalid user 0 from 5.188.10.180
Dec 10 09:48:23 LabSZ sshd[24806]: Invalid user 0 from 181.214.87.4
---
len=78
Dec 10 08:25:51 LabSZ sshd[24373]: Connection closed by 5.188.10.180 [preauth]
Dec 10 08:26:04 LabSZ sshd[24375]: Connection closed by 5.188.10.180 [preauth]
Dec 10 08:26:14 LabSZ sshd[24377]: Connection closed by 5.188.10.180 [preauth]
Dec 10 08:26:25 LabSZ sshd[24379]: Connection closed by 5.188.10.180 [preauth]
Dec 10 08:26:32 LabSZ sshd[24381]: Connection closed by 5.188.10.180 [preauth]
Dec 10 09:18:58 LabSZ sshd[24651]: Invalid user postgres1 from 187.141.143.180
Dec 10 09:31:34 LabSZ sshd[24678]: Connection closed by 104.192.3.34 [preauth]
Dec 10 09:48:24 LabSZ sshd[24806]: Connection closed by 181.214.87.4 [preauth]
---
len=106
Dec 10 10:14:08 LabSZ sshd[24833]: Failed password for invalid user admin from 119.4.203.64 port 2191 ssh2
Dec 10 10:14:10 LabSZ sshd[24833]: Failed password for invalid user admin from 119.4.203.64 port 2191 ssh2
Dec 10 10:14:13 LabSZ sshd[24833]: Failed password for invalid user admin from 119.4.203.64 port 2191 ssh2
Dec 10 11:03:48 LabSZ sshd[25459]: Failed password for invalid user user from 103.99.0.122 port 61269 ssh2
Dec 10 11:03:56 LabSZ sshd[25465]: Failed password for invalid user 1234 from 103.99.0.122 port 62429 ssh2
Dec 10 11:04:14 LabSZ sshd[25492]: Failed password for invalid user ubnt from 103.99.0.122 port 64908 ssh2
Dec 10 11:04:36 LabSZ sshd[25527]: Failed password for invalid user test from 103.99.0.122 port 51592 ssh2
Dec 10 11:04:45 LabSZ sshd[25539]: Failed password for invalid user user from 103.99.0.122 port 52683 ssh2
---
len=117
Dec 10 07:56:15 LabSZ sshd[24334]: Received disconnect from 103.207.39.165: 11: Closed due to user request. [preauth]
Dec 10 08:33:26 LabSZ sshd[24385]: Received disconnect from 103.207.39.212: 11: Closed due to user request. [preauth]
Dec 10 08:33:29 LabSZ sshd[24387]: Received disconnect from 103.207.39.212: 11: Closed due to user request. [preauth]
Dec 10 08:33:31 LabSZ sshd[24389]: Received disconnect from 103.207.39.212: 11: Closed due to user request. [preauth]
---
len=70
Dec 10 09:11:45 LabSZ sshd[24456]: Invalid user ubnt from 103.99.0.122
Dec 10 09:11:58 LabSZ sshd[24467]: Invalid user test from 103.99.0.122
Dec 10 09:12:04 LabSZ sshd[24471]: Invalid user user from 103.99.0.122
Dec 10 11:03:45 LabSZ sshd[25459]: Invalid user user from 103.99.0.122
Dec 10 11:03:54 LabSZ sshd[25465]: Invalid user 1234 from 103.99.0.122
Dec 10 11:04:12 LabSZ sshd[25492]: Invalid user ubnt from 103.99.0.122
Dec 10 11:04:34 LabSZ sshd[25527]: Invalid user test from 103.99.0.122
Dec 10 11:04:42 LabSZ sshd[25539]: Invalid user user from 103.99.0.122
---
len=111
Dec 10 09:18:35 LabSZ sshd[24641]: Failed password for invalid user deploy from 187.141.143.180 port 39710 ssh2
Dec 10 09:18:42 LabSZ sshd[24645]: Failed password for invalid user oralce from 187.141.143.180 port 40988 ssh2
Dec 10 09:18:48 LabSZ sshd[24647]: Failed password for invalid user oracle from 187.141.143.180 port 42342 ssh2
Dec 10 09:19:39 LabSZ sshd[24665]: Failed password for invalid user magnos from 187.141.143.180 port 55517 ssh2
Dec 10 09:19:45 LabSZ sshd[24667]: Failed password for invalid user magnos from 187.141.143.180 port 57031 ssh2
Dec 10 09:19:51 LabSZ sshd[24669]: Failed password for invalid user ingrid from 187.141.143.180 port 58682 ssh2
Dec 10 11:00:59 LabSZ sshd[25283]: Failed password for invalid user sandeep from 88.147.143.242 port 49316 ssh2
Dec 10 11:04:04 LabSZ sshd[25478]: Failed password for invalid user anonymous from 103.99.0.122 port 63514 ssh2
---
len=75
Dec 10 09:18:33 LabSZ sshd[24641]: Invalid user deploy from 187.141.143.180
Dec 10 09:18:40 LabSZ sshd[24645]: Invalid user oralce from 187.141.143.180
Dec 10 09:18:46 LabSZ sshd[24647]: Invalid user oracle from 187.141.143.180
Dec 10 09:19:37 LabSZ sshd[24665]: Invalid user magnos from 187.141.143.180
Dec 10 09:19:42 LabSZ sshd[24667]: Invalid user magnos from 187.141.143.180
Dec 10 09:19:49 LabSZ sshd[24669]: Invalid user ingrid from 187.141.143.180
Dec 10 11:00:57 LabSZ sshd[25283]: Invalid user sandeep from 88.147.143.242
Dec 10 11:04:02 LabSZ sshd[25478]: Invalid user anonymous from 103.99.0.122
---
len=163
Dec 10 07:51:12 LabSZ sshd[24324]: reverse mapping checking getaddrinfo for 195-154-37-122.rev.poneytelecom.eu [195.154.37.122] failed - POSSIBLE BREAK-IN ATTEMPT!
Dec 10 07:51:17 LabSZ sshd[24326]: reverse mapping checking getaddrinfo for 195-154-37-122.rev.poneytelecom.eu [195.154.37.122] failed - POSSIBLE BREAK-IN ATTEMPT!
---
len=81
Dec 10 07:48:03 LabSZ sshd[24321]: Connection closed by 191.210.223.172 [preauth]
---
len=149
Dec 10 09:16:11 LabSZ sshd[24581]: pam_unix(sshd:auth): authentication failure; logname= uid=0 euid=0 tty=ssh ruser= rhost=187.141.143.180  user=root
Dec 10 09:16:17 LabSZ sshd[24583]: pam_unix(sshd:auth): authentication failure; logname= uid=0 euid=0 tty=ssh ruser= rhost=187.141.143.180  user=root
Dec 10 09:16:22 LabSZ sshd[24585]: pam_unix(sshd:auth): authentication failure; logname= uid=0 euid=0 tty=ssh ruser= rhost=187.141.143.180  user=root
Dec 10 09:16:27 LabSZ sshd[24587]: pam_unix(sshd:auth): authentication failure; logname= uid=0 euid=0 tty=ssh ruser= rhost=187.141.143.180  user=root
Dec 10 09:16:33 LabSZ sshd[24589]: pam_unix(sshd:auth): authentication failure; logname= uid=0 euid=0 tty=ssh ruser= rhost=187.141.143.180  user=root
Dec 10 09:16:38 LabSZ sshd[24591]: pam_unix(sshd:auth): authentication failure; logname= uid=0 euid=0 tty=ssh ruser= rhost=187.141.143.180  user=root
Dec 10 09:16:43 LabSZ sshd[24593]: pam_unix(sshd:auth): authentication failure; logname= uid=0 euid=0 tty=ssh ruser= rhost=187.141.143.180  user=root
Dec 10 09:16:53 LabSZ sshd[24597]: pam_unix(sshd:auth): authentication failure; logname= uid=0 euid=0 tty=ssh ruser= rhost=187.141.143.180  user=root
---
len=97
Dec 10 11:04:27 LabSZ sshd[25516]: Received disconnect from 183.62.140.253: 11: Bye Bye [preauth]
Dec 10 11:04:30 LabSZ sshd[25519]: Received disconnect from 183.62.140.253: 11: Bye Bye [preauth]
Dec 10 11:04:32 LabSZ sshd[25523]: Received disconnect from 183.62.140.253: 11: Bye Bye [preauth]
Dec 10 11:04:35 LabSZ sshd[25525]: Received disconnect from 183.62.140.253: 11: Bye Bye [preauth]
Dec 10 11:04:37 LabSZ sshd[25530]: Received disconnect from 183.62.140.253: 11: Bye Bye [preauth]
Dec 10 11:04:40 LabSZ sshd[25532]: Received disconnect from 183.62.140.253: 11: Bye Bye [preauth]
Dec 10 11:04:41 LabSZ sshd[25537]: Received disconnect from 183.62.140.253: 11: Bye Bye [preauth]
Dec 10 11:04:43 LabSZ sshd[25541]: Received disconnect from 183.62.140.253: 11: Bye Bye [preauth]
---
len=110
Dec 10 09:19:11 LabSZ sshd[24655]: Failed password for invalid user test2 from 187.141.143.180 port 48023 ssh2
Dec 10 09:20:02 LabSZ sshd[24673]: Failed password for invalid user cyrus from 187.141.143.180 port 33574 ssh2
Dec 10 10:32:30 LabSZ sshd[24844]: Failed password for invalid user inspur from 183.136.162.51 port 26396 ssh2
Dec 10 10:55:10 LabSZ sshd[24914]: Failed password for invalid user cheng from 202.100.179.208 port 32891 ssh2
Dec 10 10:55:41 LabSZ sshd[24949]: Failed password for invalid user oracle from 183.62.140.253 port 47098 ssh2
Dec 10 10:55:45 LabSZ sshd[24953]: Failed password for invalid user oracle from 183.62.140.253 port 47782 ssh2
Dec 10 10:55:47 LabSZ sshd[24955]: Failed password for invalid user ubuntu from 183.62.140.253 port 48168 ssh2
Dec 10 10:55:54 LabSZ sshd[24962]: Failed password for invalid user 123456 from 183.62.140.253 port 49425 ssh2
---
len=74
Dec 10 09:19:09 LabSZ sshd[24655]: Invalid user test2 from 187.141.143.180
Dec 10 09:20:00 LabSZ sshd[24673]: Invalid user cyrus from 187.141.143.180
Dec 10 10:32:27 LabSZ sshd[24844]: Invalid user inspur from 183.136.162.51
Dec 10 10:55:07 LabSZ sshd[24914]: Invalid user cheng from 202.100.179.208
Dec 10 10:55:39 LabSZ sshd[24949]: Invalid user oracle from 183.62.140.253
Dec 10 10:55:43 LabSZ sshd[24953]: Invalid user oracle from 183.62.140.253
Dec 10 10:55:45 LabSZ sshd[24955]: Invalid user ubuntu from 183.62.140.253
Dec 10 10:55:52 LabSZ sshd[24962]: Invalid user 123456 from 183.62.140.253
---
len=96
Dec 10 09:16:13 LabSZ sshd[24581]: Failed password for root from 187.141.143.180 port 53589 ssh2
Dec 10 09:16:19 LabSZ sshd[24583]: Failed password for root from 187.141.143.180 port 54980 ssh2
Dec 10 09:16:24 LabSZ sshd[24585]: Failed password for root from 187.141.143.180 port 56377 ssh2
Dec 10 09:16:29 LabSZ sshd[24587]: Failed password for root from 187.141.143.180 port 57704 ssh2
Dec 10 09:16:35 LabSZ sshd[24589]: Failed password for root from 187.141.143.180 port 59080 ssh2
Dec 10 09:16:40 LabSZ sshd[24591]: Failed password for root from 187.141.143.180 port 60433 ssh2
Dec 10 09:16:45 LabSZ sshd[24593]: Failed password for root from 187.141.143.180 port 33456 ssh2
Dec 10 09:16:55 LabSZ sshd[24597]: Failed password for root from 187.141.143.180 port 46973 ssh2
---
len=94
Dec 10 07:32:29 LabSZ sshd[24289]: Failed password for root from 123.235.32.19 port 49720 ssh2
Dec 10 07:34:00 LabSZ sshd[24291]: Failed password for root from 123.235.32.19 port 45568 ssh2
Dec 10 07:34:04 LabSZ sshd[24293]: Failed password for root from 123.235.32.19 port 48588 ssh2
Dec 10 07:34:10 LabSZ sshd[24295]: Failed password for root from 123.235.32.19 port 50950 ssh2
Dec 10 07:34:15 LabSZ sshd[24297]: Failed password for root from 123.235.32.19 port 54024 ssh2
Dec 10 07:34:23 LabSZ sshd[24299]: Failed password for root from 123.235.32.19 port 57100 ssh2
Dec 10 09:18:33 LabSZ sshd[24639]: Failed password for uucp from 103.207.39.16 port 42435 ssh2
Dec 10 10:55:49 LabSZ sshd[24957]: Failed password for git from 183.62.140.253 port 48527 ssh2
---
len=147
Dec 10 07:32:27 LabSZ sshd[24289]: pam_unix(sshd:auth): authentication failure; logname= uid=0 euid=0 tty=ssh ruser= rhost=123.235.32.19  user=root
Dec 10 07:33:58 LabSZ sshd[24291]: pam_unix(sshd:auth): authentication failure; logname= uid=0 euid=0 tty=ssh ruser= rhost=123.235.32.19  user=root
Dec 10 07:34:02 LabSZ sshd[24293]: pam_unix(sshd:auth): authentication failure; logname= uid=0 euid=0 tty=ssh ruser= rhost=123.235.32.19  user=root
Dec 10 07:34:07 LabSZ sshd[24295]: pam_unix(sshd:auth): authentication failure; logname= uid=0 euid=0 tty=ssh ruser= rhost=123.235.32.19  user=root
Dec 10 07:34:13 LabSZ sshd[24297]: pam_unix(sshd:auth): authentication failure; logname= uid=0 euid=0 tty=ssh ruser= rhost=123.235.32.19  user=root
Dec 10 07:34:21 LabSZ sshd[24299]: pam_unix(sshd:auth): authentication failure; logname= uid=0 euid=0 tty=ssh ruser= rhost=123.235.32.19  user=root
Dec 10 09:18:31 LabSZ sshd[24639]: pam_unix(sshd:auth): authentication failure; logname= uid=0 euid=0 tty=ssh ruser= rhost=103.207.39.16  user=uucp
Dec 10 10:55:47 LabSZ sshd[24957]: pam_unix(sshd:auth): authentication failure; logname= uid=0 euid=0 tty=ssh ruser= rhost=183.62.140.253  user=git
---
len=108
Dec 10 09:17:54 LabSZ sshd[24622]: Failed password for invalid user vnc from 187.141.143.180 port 60547 ssh2
Dec 10 09:18:35 LabSZ sshd[24643]: Failed password for invalid user admin from 103.207.39.16 port 46723 ssh2
Dec 10 09:19:57 LabSZ sshd[24671]: Failed password for invalid user jay from 187.141.143.180 port 60259 ssh2
Dec 10 09:31:24 LabSZ sshd[24676]: Failed password for invalid user FILTER from 104.192.3.34 port 33738 ssh2
Dec 10 09:32:42 LabSZ sshd[24787]: Failed password for invalid user matlab from 52.80.34.196 port 36060 ssh2
Dec 10 10:21:09 LabSZ sshd[24841]: Failed password for invalid user matlab from 52.80.34.196 port 36060 ssh2
Dec 10 10:55:43 LabSZ sshd[24951]: Failed password for invalid user test from 183.62.140.253 port 47409 ssh2
Dec 10 10:55:51 LabSZ sshd[24959]: Failed password for invalid user boot from 183.62.140.253 port 48976 ssh2
---
len=88
Dec 10 09:31:22 LabSZ sshd[24676]: input_userauth_request: invalid user FILTER [preauth]
Dec 10 09:32:35 LabSZ sshd[24787]: input_userauth_request: invalid user matlab [preauth]
Dec 10 10:21:01 LabSZ sshd[24841]: input_userauth_request: invalid user matlab [preauth]
Dec 10 10:32:27 LabSZ sshd[24844]: input_userauth_request: invalid user inspur [preauth]
Dec 10 10:55:39 LabSZ sshd[24949]: input_userauth_request: invalid user oracle [preauth]
Dec 10 10:55:43 LabSZ sshd[24953]: input_userauth_request: invalid user oracle [preauth]
Dec 10 10:55:45 LabSZ sshd[24955]: input_userauth_request: invalid user ubuntu [preauth]
Dec 10 10:55:52 LabSZ sshd[24962]: input_userauth_request: invalid user 123456 [preauth]
---
len=72
Dec 10 09:17:52 LabSZ sshd[24622]: Invalid user vnc from 187.141.143.180
Dec 10 09:18:33 LabSZ sshd[24643]: Invalid user admin from 103.207.39.16
Dec 10 09:19:54 LabSZ sshd[24671]: Invalid user jay from 187.141.143.180
Dec 10 09:31:22 LabSZ sshd[24676]: Invalid user FILTER from 104.192.3.34
Dec 10 09:32:35 LabSZ sshd[24787]: Invalid user matlab from 52.80.34.196
Dec 10 10:21:01 LabSZ sshd[24841]: Invalid user matlab from 52.80.34.196
Dec 10 10:55:41 LabSZ sshd[24951]: Invalid user test from 183.62.140.253
Dec 10 10:55:49 LabSZ sshd[24959]: Invalid user boot from 183.62.140.253
---
len=136
Dec 10 11:04:02 LabSZ sshd[25478]: pam_unix(sshd:auth): authentication failure; logname= uid=0 euid=0 tty=ssh ruser= rhost=103.99.0.122 
Dec 10 11:04:07 LabSZ sshd[25484]: pam_unix(sshd:auth): authentication failure; logname= uid=0 euid=0 tty=ssh ruser= rhost=103.99.0.122 
Dec 10 11:04:12 LabSZ sshd[25492]: pam_unix(sshd:auth): authentication failure; logname= uid=0 euid=0 tty=ssh ruser= rhost=103.99.0.122 
Dec 10 11:04:25 LabSZ sshd[25513]: pam_unix(sshd:auth): authentication failure; logname= uid=0 euid=0 tty=ssh ruser= rhost=103.99.0.122 
Dec 10 11:04:30 LabSZ sshd[25521]: pam_unix(sshd:auth): authentication failure; logname= uid=0 euid=0 tty=ssh ruser= rhost=103.99.0.122 
Dec 10 11:04:34 LabSZ sshd[25527]: pam_unix(sshd:auth): authentication failure; logname= uid=0 euid=0 tty=ssh ruser= rhost=103.99.0.122 
Dec 10 11:04:38 LabSZ sshd[25534]: pam_unix(sshd:auth): authentication failure; logname= uid=0 euid=0 tty=ssh ruser= rhost=103.99.0.122 
Dec 10 11:04:42 LabSZ sshd[25539]: pam_unix(sshd:auth): authentication failure; logname= uid=0 euid=0 tty=ssh ruser= rhost=103.99.0.122 
---
len=89
Dec 10 09:11:23 LabSZ sshd[24441]: input_userauth_request: invalid user support [preauth]
Dec 10 09:12:28 LabSZ sshd[24488]: input_userauth_request: invalid user monitor [preauth]
Dec 10 09:12:30 LabSZ sshd[24490]: input_userauth_request: invalid user ftpuser [preauth]
Dec 10 09:12:43 LabSZ sshd[24501]: input_userauth_request: invalid user ftpuser [preauth]
Dec 10 09:18:27 LabSZ sshd[24637]: input_userauth_request: invalid user support [preauth]
Dec 10 09:18:52 LabSZ sshd[24649]: input_userauth_request: invalid user nagios1 [preauth]
Dec 10 11:00:57 LabSZ sshd[25283]: input_userauth_request: invalid user sandeep [preauth]
Dec 10 11:03:41 LabSZ sshd[25455]: input_userauth_request: invalid user support [preauth]
---
len=148
Dec 10 11:04:27 LabSZ sshd[25519]: pam_unix(sshd:auth): authentication failure; logname= uid=0 euid=0 tty=ssh ruser= rhost=183.62.140.253  user=root
Dec 10 11:04:30 LabSZ sshd[25523]: pam_unix(sshd:auth): authentication failure; logname= uid=0 euid=0 tty=ssh ruser= rhost=183.62.140.253  user=root
Dec 10 11:04:32 LabSZ sshd[25525]: pam_unix(sshd:auth): authentication failure; logname= uid=0 euid=0 tty=ssh ruser= rhost=183.62.140.253  user=root
Dec 10 11:04:35 LabSZ sshd[25530]: pam_unix(sshd:auth): authentication failure; logname= uid=0 euid=0 tty=ssh ruser= rhost=183.62.140.253  user=root
Dec 10 11:04:37 LabSZ sshd[25532]: pam_unix(sshd:auth): authentication failure; logname= uid=0 euid=0 tty=ssh ruser= rhost=183.62.140.253  user=root
Dec 10 11:04:40 LabSZ sshd[25537]: pam_unix(sshd:auth): authentication failure; logname= uid=0 euid=0 tty=ssh ruser= rhost=183.62.140.253  user=root
Dec 10 11:04:41 LabSZ sshd[25541]: pam_unix(sshd:auth): authentication failure; logname= uid=0 euid=0 tty=ssh ruser= rhost=183.62.140.253  user=root
Dec 10 11:04:43 LabSZ sshd[25544]: pam_unix(sshd:auth): authentication failure; logname= uid=0 euid=0 tty=ssh ruser= rhost=183.62.140.253  user=root
---
len=101
Dec 10 07:13:56 LabSZ sshd[24227]: Disconnecting: Too many authentication failures for root [preauth]
Dec 10 08:39:59 LabSZ sshd[24408]: Disconnecting: Too many authentication failures for root [preauth]
Dec 10 09:07:23 LabSZ sshd[24415]: Failed none for invalid user 0 from 185.190.58.151 port 55495 ssh2
---
len=73
Dec 10 09:12:08 LabSZ sshd[24455]: Invalid user admin from 185.190.58.151
Dec 10 09:12:28 LabSZ sshd[24488]: Invalid user monitor from 103.99.0.122
Dec 10 09:12:30 LabSZ sshd[24490]: Invalid user ftpuser from 103.99.0.122
Dec 10 09:12:43 LabSZ sshd[24501]: Invalid user ftpuser from 103.99.0.122
Dec 10 09:16:48 LabSZ sshd[24595]: Invalid user eoor from 187.141.143.180
Dec 10 09:18:22 LabSZ sshd[24632]: Invalid user test from 187.141.143.180
Dec 10 09:19:15 LabSZ sshd[24657]: Invalid user bssh from 187.141.143.180
Dec 10 11:03:41 LabSZ sshd[25455]: Invalid user support from 103.99.0.122
---
len=120
Dec 10 07:13:56 LabSZ sshd[24227]: message repeated 5 times: [ Failed password for root from 5.36.59.76 port 42393 ssh2]
---
len=98
Dec 10 09:19:34 LabSZ sshd[24663]: Received disconnect from 187.141.143.180: 11: Bye Bye [preauth]
Dec 10 09:19:40 LabSZ sshd[24665]: Received disconnect from 187.141.143.180: 11: Bye Bye [preauth]
Dec 10 09:19:46 LabSZ sshd[24667]: Received disconnect from 187.141.143.180: 11: Bye Bye [preauth]
Dec 10 09:19:51 LabSZ sshd[24669]: Received disconnect from 187.141.143.180: 11: Bye Bye [preauth]
Dec 10 09:19:57 LabSZ sshd[24671]: Received disconnect from 187.141.143.180: 11: Bye Bye [preauth]
Dec 10 09:20:03 LabSZ sshd[24673]: Received disconnect from 187.141.143.180: 11: Bye Bye [preauth]
Dec 10 09:32:20 LabSZ sshd[24680]: pam_unix(sshd:session): session opened for user fztu by (uid=0)
Dec 10 10:55:10 LabSZ sshd[24914]: Received disconnect from 202.100.179.208: 11: Bye Bye [preauth]
---
len=93
Dec 10 10:04:54 LabSZ sshd[24809]: Received disconnect from 60.2.12.12: 11: Bye Bye [preauth]
Dec 10 10:04:56 LabSZ sshd[24811]: Received disconnect from 60.2.12.12: 11: Bye Bye [preauth]
Dec 10 10:05:03 LabSZ sshd[24813]: Received disconnect from 60.2.12.12: 11: Bye Bye [preauth]
Dec 10 10:05:10 LabSZ sshd[24815]: Received disconnect from 60.2.12.12: 11: Bye Bye [preauth]
Dec 10 11:03:52 LabSZ sshd[25461]: Failed password for root from 103.99.0.122 port 61906 ssh2
Dec 10 11:04:00 LabSZ sshd[25472]: Failed password for root from 103.99.0.122 port 63012 ssh2
Dec 10 11:04:18 LabSZ sshd[25499]: Failed password for uucp from 103.99.0.122 port 65454 ssh2
Dec 10 11:04:23 LabSZ sshd[25505]: Failed password for sshd from 103.99.0.122 port 49598 ssh2
---
len=92
Dec 10 07:56:13 LabSZ sshd[24333]: Did not receive identification string from 103.207.39.165
Dec 10 08:26:12 LabSZ sshd[24377]: Failed password for ftp from 5.188.10.180 port 54715 ssh2
Dec 10 08:33:23 LabSZ sshd[24384]: Did not receive identification string from 103.207.39.212
Dec 10 08:39:49 LabSZ sshd[24408]: Failed password for root from 106.5.5.195 port 50719 ssh2
Dec 10 09:04:46 LabSZ sshd[24414]: Did not receive identification string from 188.132.244.89
Dec 10 09:12:26 LabSZ sshd[24485]: Failed password for ftp from 103.99.0.122 port 56079 ssh2
Dec 10 09:12:38 LabSZ sshd[24497]: input_userauth_request: invalid user Management [preauth]
Dec 10 09:13:22 LabSZ sshd[24511]: Did not receive identification string from 185.190.58.151
---
len=139
Dec 10 09:19:09 LabSZ sshd[24655]: pam_unix(sshd:auth): authentication failure; logname= uid=0 euid=0 tty=ssh ruser= rhost=187.141.143.180 
Dec 10 09:19:15 LabSZ sshd[24657]: pam_unix(sshd:auth): authentication failure; logname= uid=0 euid=0 tty=ssh ruser= rhost=187.141.143.180 
Dec 10 09:19:37 LabSZ sshd[24665]: pam_unix(sshd:auth): authentication failure; logname= uid=0 euid=0 tty=ssh ruser= rhost=187.141.143.180 
Dec 10 09:19:42 LabSZ sshd[24667]: pam_unix(sshd:auth): authentication failure; logname= uid=0 euid=0 tty=ssh ruser= rhost=187.141.143.180 
Dec 10 09:19:49 LabSZ sshd[24669]: pam_unix(sshd:auth): authentication failure; logname= uid=0 euid=0 tty=ssh ruser= rhost=187.141.143.180 
Dec 10 09:19:54 LabSZ sshd[24671]: pam_unix(sshd:auth): authentication failure; logname= uid=0 euid=0 tty=ssh ruser= rhost=187.141.143.180 
Dec 10 09:20:00 LabSZ sshd[24673]: pam_unix(sshd:auth): authentication failure; logname= uid=0 euid=0 tty=ssh ruser= rhost=187.141.143.180 
Dec 10 10:55:07 LabSZ sshd[24914]: pam_unix(sshd:auth): authentication failure; logname= uid=0 euid=0 tty=ssh ruser= rhost=202.100.179.208 
---
len=109
Dec 10 09:12:21 LabSZ sshd[24455]: Failed password for invalid user admin from 185.190.58.151 port 49948 ssh2
Dec 10 09:12:30 LabSZ sshd[24488]: Failed password for invalid user monitor from 103.99.0.122 port 59812 ssh2
Dec 10 09:12:32 LabSZ sshd[24490]: Failed password for invalid user ftpuser from 103.99.0.122 port 62891 ssh2
Dec 10 09:12:44 LabSZ sshd[24501]: Failed password for invalid user ftpuser from 103.99.0.122 port 60836 ssh2
Dec 10 09:16:50 LabSZ sshd[24595]: Failed password for invalid user eoor from 187.141.143.180 port 45825 ssh2
Dec 10 09:18:24 LabSZ sshd[24632]: Failed password for invalid user test from 187.141.143.180 port 37598 ssh2
Dec 10 09:19:17 LabSZ sshd[24657]: Failed password for invalid user bssh from 187.141.143.180 port 49412 ssh2
Dec 10 11:03:43 LabSZ sshd[25455]: Failed password for invalid user support from 103.99.0.122 port 60735 ssh2
---
len=86
Dec 10 09:19:15 LabSZ sshd[24657]: input_userauth_request: invalid user bssh [preauth]
Dec 10 10:55:41 LabSZ sshd[24951]: input_userauth_request: invalid user test [preauth]
Dec 10 10:55:49 LabSZ sshd[24959]: input_userauth_request: invalid user boot [preauth]
Dec 10 11:03:45 LabSZ sshd[25459]: input_userauth_request: invalid user user [preauth]
Dec 10 11:03:54 LabSZ sshd[25465]: input_userauth_request: invalid user 1234 [preauth]
Dec 10 11:04:12 LabSZ sshd[25492]: input_userauth_request: invalid user ubnt [preauth]
Dec 10 11:04:34 LabSZ sshd[25527]: input_userauth_request: invalid user test [preauth]
Dec 10 11:04:42 LabSZ sshd[25539]: input_userauth_request: invalid user user [preauth]
---
len=71
Dec 10 10:13:59 LabSZ sshd[24833]: Invalid user admin from 119.4.203.64
Dec 10 10:54:29 LabSZ sshd[24870]: Invalid user dff from 183.62.140.253
Dec 10 10:55:54 LabSZ sshd[24964]: Invalid user 123 from 183.62.140.253
Dec 10 11:03:37 LabSZ sshd[25448]: Invalid user admin from 103.99.0.122
Dec 10 11:04:07 LabSZ sshd[25484]: Invalid user admin from 103.99.0.122
Dec 10 11:04:25 LabSZ sshd[25513]: Invalid user admin from 103.99.0.122
Dec 10 11:04:30 LabSZ sshd[25521]: Invalid user cisco from 103.99.0.122
Dec 10 11:04:38 LabSZ sshd[25534]: Invalid user guest from 103.99.0.122
---
len=68
Dec 10 09:12:33 LabSZ sshd[24492]: Invalid user pi from 103.99.0.122
---
len=165
Dec 10 07:13:56 LabSZ sshd[24227]: PAM 5 more authentication failures; logname= uid=0 euid=0 tty=ssh ruser= rhost=5.36.59.76.dynamic-dsl-ip.omantel.net.om  user=root
Dec 10 07:48:00 LabSZ sshd[24321]: reverse mapping checking getaddrinfo for 191-210-223-172.user.vivozap.com.br [191.210.223.172] failed - POSSIBLE BREAK-IN ATTEMPT!
---
len=95
Dec 10 11:04:27 LabSZ sshd[25516]: Failed password for root from 183.62.140.253 port 33233 ssh2
Dec 10 11:04:30 LabSZ sshd[25519]: Failed password for root from 183.62.140.253 port 33665 ssh2
Dec 10 11:04:32 LabSZ sshd[25523]: Failed password for root from 183.62.140.253 port 34100 ssh2
Dec 10 11:04:35 LabSZ sshd[25525]: Failed password for root from 183.62.140.253 port 34642 ssh2
Dec 10 11:04:37 LabSZ sshd[25530]: Failed password for root from 183.62.140.253 port 35101 ssh2
Dec 10 11:04:40 LabSZ sshd[25532]: Failed password for root from 183.62.140.253 port 35545 ssh2
Dec 10 11:04:41 LabSZ sshd[25537]: Failed password for root from 183.62.140.253 port 36027 ssh2
Dec 10 11:04:43 LabSZ sshd[25541]: Failed password for root from 183.62.140.253 port 36300 ssh2
---
len=87
Dec 10 09:45:06 LabSZ sshd[24680]: pam_unix(sshd:session): session closed for user fztu
Dec 10 10:13:59 LabSZ sshd[24833]: input_userauth_request: invalid user admin [preauth]
Dec 10 10:55:07 LabSZ sshd[24914]: input_userauth_request: invalid user cheng [preauth]
Dec 10 11:03:37 LabSZ sshd[25448]: input_userauth_request: invalid user admin [preauth]
Dec 10 11:04:07 LabSZ sshd[25484]: input_userauth_request: invalid user admin [preauth]
Dec 10 11:04:25 LabSZ sshd[25513]: input_userauth_request: invalid user admin [preauth]
Dec 10 11:04:30 LabSZ sshd[25521]: input_userauth_request: invalid user cisco [preauth]
Dec 10 11:04:38 LabSZ sshd[25534]: input_userauth_request: invalid user guest [preauth]
---
len=91
Dec 10 09:18:27 LabSZ sshd[24636]: Did not receive identification string from 103.207.39.16
Dec 10 09:18:58 LabSZ sshd[24651]: input_userauth_request: invalid user postgres1 [preauth]
Dec 10 10:04:54 LabSZ sshd[24809]: Failed password for root from 60.2.12.12 port 63646 ssh2
Dec 10 10:04:56 LabSZ sshd[24811]: Failed password for root from 60.2.12.12 port 65244 ssh2
Dec 10 10:05:03 LabSZ sshd[24813]: Failed password for root from 60.2.12.12 port 10217 ssh2
Dec 10 10:05:10 LabSZ sshd[24815]: Failed password for root from 60.2.12.12 port 15145 ssh2
Dec 10 10:05:22 LabSZ sshd[24817]: Failed password for root from 60.2.12.12 port 20658 ssh2
Dec 10 11:04:02 LabSZ sshd[25478]: input_userauth_request: invalid user anonymous [preauth]
---
len=138
Dec 10 10:55:39 LabSZ sshd[24949]: pam_unix(sshd:auth): authentication failure; logname= uid=0 euid=0 tty=ssh ruser= rhost=183.62.140.253 
Dec 10 10:55:41 LabSZ sshd[24951]: pam_unix(sshd:auth): authentication failure; logname= uid=0 euid=0 tty=ssh ruser= rhost=183.62.140.253 
Dec 10 10:55:43 LabSZ sshd[24953]: pam_unix(sshd:auth): authentication failure; logname= uid=0 euid=0 tty=ssh ruser= rhost=183.62.140.253 
Dec 10 10:55:45 LabSZ sshd[24955]: pam_unix(sshd:auth): authentication failure; logname= uid=0 euid=0 tty=ssh ruser= rhost=183.62.140.253 
Dec 10 10:55:49 LabSZ sshd[24959]: pam_unix(sshd:auth): authentication failure; logname= uid=0 euid=0 tty=ssh ruser= rhost=183.62.140.253 
Dec 10 10:55:52 LabSZ sshd[24962]: pam_unix(sshd:auth): authentication failure; logname= uid=0 euid=0 tty=ssh ruser= rhost=183.62.140.253 
Dec 10 10:55:54 LabSZ sshd[24964]: pam_unix(sshd:auth): authentication failure; logname= uid=0 euid=0 tty=ssh ruser= rhost=183.62.140.253 
Dec 10 11:00:57 LabSZ sshd[25283]: pam_unix(sshd:auth): authentication failure; logname= uid=0 euid=0 tty=ssh ruser= rhost=88.147.143.242 
---
len=113
Dec 10 06:55:48 LabSZ sshd[24200]: Failed password for invalid user webmaster from 173.234.31.186 port 38926 ssh2
Dec 10 07:08:30 LabSZ sshd[24208]: Failed password for invalid user webmaster from 173.234.31.186 port 39257 ssh2
Dec 10 09:17:28 LabSZ sshd[24612]: Failed password for invalid user postgres from 187.141.143.180 port 54596 ssh2
---
len=77
Dec 10 06:55:46 LabSZ sshd[24200]: Invalid user webmaster from 173.234.31.186
Dec 10 07:08:28 LabSZ sshd[24208]: Invalid user webmaster from 173.234.31.186
Dec 10 09:17:26 LabSZ sshd[24612]: Invalid user postgres from 187.141.143.180
---
len=174
Dec 10 07:13:31 LabSZ sshd[24227]: pam_unix(sshd:auth): authentication failure; logname= uid=0 euid=0 tty=ssh ruser= rhost=5.36.59.76.dynamic-dsl-ip.omantel.net.om  user=root
---
len=80
Dec 10 11:04:02 LabSZ sshd[25478]: pam_unix(sshd:auth): check pass; user unknown
Dec 10 11:04:07 LabSZ sshd[25484]: pam_unix(sshd:auth): check pass; user unknown
Dec 10 11:04:12 LabSZ sshd[25492]: pam_unix(sshd:auth): check pass; user unknown
Dec 10 11:04:25 LabSZ sshd[25513]: pam_unix(sshd:auth): check pass; user unknown
Dec 10 11:04:30 LabSZ sshd[25521]: pam_unix(sshd:auth): check pass; user unknown
Dec 10 11:04:34 LabSZ sshd[25527]: pam_unix(sshd:auth): check pass; user unknown
Dec 10 11:04:38 LabSZ sshd[25534]: pam_unix(sshd:auth): check pass; user unknown
Dec 10 11:04:42 LabSZ sshd[25539]: pam_unix(sshd:auth): check pass; user unknown
---
len=107
Dec 10 09:12:59 LabSZ sshd[24487]: Failed password for invalid user api from 185.190.58.151 port 36894 ssh2
Dec 10 10:54:31 LabSZ sshd[24870]: Failed password for invalid user dff from 183.62.140.253 port 33902 ssh2
Dec 10 10:55:56 LabSZ sshd[24964]: Failed password for invalid user 123 from 183.62.140.253 port 49870 ssh2
Dec 10 11:03:39 LabSZ sshd[25448]: Failed password for invalid user admin from 103.99.0.122 port 60150 ssh2
Dec 10 11:04:10 LabSZ sshd[25484]: Failed password for invalid user admin from 103.99.0.122 port 64031 ssh2
Dec 10 11:04:27 LabSZ sshd[25513]: Failed password for invalid user admin from 103.99.0.122 port 50289 ssh2
Dec 10 11:04:32 LabSZ sshd[25521]: Failed password for invalid user cisco from 103.99.0.122 port 50890 ssh2
Dec 10 11:04:40 LabSZ sshd[25534]: Failed password for invalid user guest from 103.99.0.122 port 52172 ssh2
---
len=79
Dec 10 10:19:59 LabSZ sshd[24839]: Connection closed by 1.237.174.253 [preauth]
Dec 10 10:33:55 LabSZ sshd[24846]: Connection closed by 1.237.174.253 [preauth]
Dec 10 10:50:37 LabSZ sshd[24865]: Connection closed by 1.237.174.253 [preauth]
---
len=176
Dec 10 09:19:32 LabSZ sshd[24663]: reverse mapping checking getaddrinfo for customer-187-141-143-180-sta.uninet-ide.com.mx [187.141.143.180] failed - POSSIBLE BREAK-IN ATTEMPT!
Dec 10 09:19:37 LabSZ sshd[24665]: reverse mapping checking getaddrinfo for customer-187-141-143-180-sta.uninet-ide.com.mx [187.141.143.180] failed - POSSIBLE BREAK-IN ATTEMPT!
Dec 10 09:19:42 LabSZ sshd[24667]: reverse mapping checking getaddrinfo for customer-187-141-143-180-sta.uninet-ide.com.mx [187.141.143.180] failed - POSSIBLE BREAK-IN ATTEMPT!
Dec 10 09:19:49 LabSZ sshd[24669]: reverse mapping checking getaddrinfo for customer-187-141-143-180-sta.uninet-ide.com.mx [187.141.143.180] failed - POSSIBLE BREAK-IN ATTEMPT!
Dec 10 09:19:54 LabSZ sshd[24671]: reverse mapping checking getaddrinfo for customer-187-141-143-180-sta.uninet-ide.com.mx [187.141.143.180] failed - POSSIBLE BREAK-IN ATTEMPT!
Dec 10 09:20:00 LabSZ sshd[24673]: reverse mapping checking getaddrinfo for customer-187-141-143-180-sta.uninet-ide.com.mx [187.141.143.180] failed - POSSIBLE BREAK-IN ATTEMPT!
Dec 10 09:32:35 LabSZ sshd[24787]: pam_unix(sshd:auth): authentication failure; logname= uid=0 euid=0 tty=ssh ruser= rhost=ec2-52-80-34-196.cn-north-1.compute.amazonaws.com.cn 
Dec 10 10:21:01 LabSZ sshd[24841]: pam_unix(sshd:auth): authentication failure; logname= uid=0 euid=0 tty=ssh ruser= rhost=ec2-52-80-34-196.cn-north-1.compute.amazonaws.com.cn 
---
len=99
Dec 10 08:24:40 LabSZ sshd[24363]: Failed none for invalid user 0 from 5.188.10.180 port 49811 ssh2
Dec 10 09:48:23 LabSZ sshd[24806]: Failed none for invalid user 0 from 181.214.87.4 port 51889 ssh2
---
len=146
Dec 10 09:11:51 LabSZ sshd[24460]: pam_unix(sshd:auth): authentication failure; logname= uid=0 euid=0 tty=ssh ruser= rhost=103.99.0.122  user=sshd
Dec 10 09:12:12 LabSZ sshd[24477]: pam_unix(sshd:auth): authentication failure; logname= uid=0 euid=0 tty=ssh ruser= rhost=103.99.0.122  user=root
Dec 10 09:12:40 LabSZ sshd[24499]: pam_unix(sshd:auth): authentication failure; logname= uid=0 euid=0 tty=ssh ruser= rhost=103.99.0.122  user=root
Dec 10 09:31:32 LabSZ sshd[24678]: pam_unix(sshd:auth): authentication failure; logname= uid=0 euid=0 tty=ssh ruser= rhost=104.192.3.34  user=root
Dec 10 11:03:50 LabSZ sshd[25461]: pam_unix(sshd:auth): authentication failure; logname= uid=0 euid=0 tty=ssh ruser= rhost=103.99.0.122  user=root
Dec 10 11:03:58 LabSZ sshd[25472]: pam_unix(sshd:auth): authentication failure; logname= uid=0 euid=0 tty=ssh ruser= rhost=103.99.0.122  user=root
Dec 10 11:04:16 LabSZ sshd[25499]: pam_unix(sshd:auth): authentication failure; logname= uid=0 euid=0 tty=ssh ruser= rhost=103.99.0.122  user=uucp
Dec 10 11:04:21 LabSZ sshd[25505]: pam_unix(sshd:auth): authentication failure; logname= uid=0 euid=0 tty=ssh ruser= rhost=103.99.0.122  user=sshd
---
len=151
Dec 10 06:55:46 LabSZ sshd[24200]: reverse mapping checking getaddrinfo for ns.marryaldkfaczcz.com [173.234.31.186] failed - POSSIBLE BREAK-IN ATTEMPT!
Dec 10 07:08:28 LabSZ sshd[24208]: reverse mapping checking getaddrinfo for ns.marryaldkfaczcz.com [173.234.31.186] failed - POSSIBLE BREAK-IN ATTEMPT!
---
